[INFO] Scanning for projects...
[INFO] 
[INFO] ------------------------< cm.dolers:laine_deco >------------------------
[INFO] Building  0.0.1-SNAPSHOT
[INFO]   from pom.xml
[INFO] --------------------------------[ jar ]---------------------------------
[INFO] 
[INFO] --- resources:3.3.1:resources (default-resources) @ laine_deco ---
[INFO] Copying 2 resources from src\main\resources to target\classes
[INFO] Copying 4 resources from src\main\resources to target\classes
[INFO] 
[INFO] --- compiler:3.14.1:compile (default-compile) @ laine_deco ---
[INFO] Recompiling the module because of changed source code.
[INFO] Compiling 451 source files with javac [debug parameters release 17] to target\classes
[INFO] /C:/Users/HP ELITEBOOK/Documents/landry/laine_deco/src/main/java/cm/dolers/laine_deco/application/usecase/AuthApplicationService.java: C:\Users\HP ELITEBOOK\Documents\landry\laine_deco\src\main\java\cm\dolers\laine_deco\application\usecase\AuthApplicationService.java uses unchecked or unsafe operations.
[INFO] /C:/Users/HP ELITEBOOK/Documents/landry/laine_deco/src/main/java/cm/dolers/laine_deco/application/usecase/AuthApplicationService.java: Recompile with -Xlint:unchecked for details.
[INFO] Some messages have been simplified; recompile with -Xdiags:verbose to get full output
[INFO] -------------------------------------------------------------
[WARNING] COMPILATION WARNING : 
[INFO] -------------------------------------------------------------
[WARNING] /C:/Users/HP ELITEBOOK/Documents/landry/laine_deco/src/main/java/cm/dolers/laine_deco/application/usecase/impl/PaymentServiceImpl.java:[5,64] extraneous semicolon
[INFO] 1 warning
[INFO] -------------------------------------------------------------
[INFO] -------------------------------------------------------------
[ERROR] COMPILATION ERROR : 
[INFO] -------------------------------------------------------------
[ERROR] /C:/Users/HP ELITEBOOK/Documents/landry/laine_deco/src/main/java/cm/dolers/laine_deco/infrastructure/persistence/entity/OrderEntity.java:[17,41] cannot find symbol
  symbol:   class OrderType
  location: package cm.dolers.laine_deco.domain.model
[ERROR] /C:/Users/HP ELITEBOOK/Documents/landry/laine_deco/src/main/java/cm/dolers/laine_deco/infrastructure/persistence/entity/OrderEntity.java:[371,30] cannot find symbol
  symbol:   class OrderType
  location: class cm.dolers.laine_deco.infrastructure.persistence.entity.OrderEntity
[ERROR] /C:/Users/HP ELITEBOOK/Documents/landry/laine_deco/src/main/java/cm/dolers/laine_deco/application/mapper/impl/ChatMapperImpl.java:[9,43] package cm.dolers.laine_deco.aplication.dto does not exist
[ERROR] /C:/Users/HP ELITEBOOK/Documents/landry/laine_deco/src/main/java/cm/dolers/laine_deco/application/usecase/impl/CommunityPostServiceImpl.java:[153,109] method getUserPosts(java.lang.Long,org.springframework.data.domain.Pageable) is already defined in class cm.dolers.laine_deco.application.usecase.impl.CommunityPostServiceImpl
[ERROR] /C:/Users/HP ELITEBOOK/Documents/landry/laine_deco/src/main/java/cm/dolers/laine_deco/infrastructure/persistence/repository/RMAJpaRepository.java:[10,24] cannot find symbol
  symbol:   class RmaEntity
  location: interface cm.dolers.laine_deco.infrastructure.persistence.repository.RMAJpaRepository
[ERROR] /C:/Users/HP ELITEBOOK/Documents/landry/laine_deco/src/main/java/cm/dolers/laine_deco/infrastructure/config/PromotionScheduledTasks.java:[17,1] lombok.extern.slf4j.Slf4j is not a repeatable annotation interface
[ERROR] /C:/Users/HP ELITEBOOK/Documents/landry/laine_deco/src/main/java/cm/dolers/laine_deco/infrastructure/persistence/entity/NewsletterSubscriptionEntity.java:[43,71] cannot find symbol
  symbol: variable subscribedAt
[ERROR] /C:/Users/HP ELITEBOOK/Documents/landry/laine_deco/src/main/java/cm/dolers/laine_deco/infrastructure/persistence/entity/NewsletterSubscriptionEntity.java:[45,54] cannot find symbol
  symbol: variable firstName
[ERROR] /C:/Users/HP ELITEBOOK/Documents/landry/laine_deco/src/main/java/cm/dolers/laine_deco/infrastructure/persistence/entity/NewsletterSubscriptionEntity.java:[46,52] cannot find symbol
  symbol: variable lastName
[ERROR] /C:/Users/HP ELITEBOOK/Documents/landry/laine_deco/src/main/java/cm/dolers/laine_deco/infrastructure/persistence/entity/ReviewEntity.java:[141,73] cannot find symbol
  symbol: variable isVerifiedPurchase
[ERROR] /C:/Users/HP ELITEBOOK/Documents/landry/laine_deco/src/main/java/cm/dolers/laine_deco/infrastructure/persistence/entity/ReviewEntity.java:[142,58] incompatible types: java.lang.String cannot be converted to cm.dolers.laine_deco.domain.model.ReviewStatus
[ERROR] /C:/Users/HP ELITEBOOK/Documents/landry/laine_deco/src/main/java/cm/dolers/laine_deco/infrastructure/persistence/entity/ReviewEntity.java:[143,61] cannot find symbol
  symbol: variable helpfulCount
[ERROR] /C:/Users/HP ELITEBOOK/Documents/landry/laine_deco/src/main/java/cm/dolers/laine_deco/infrastructure/persistence/entity/ReviewEntity.java:[145,71] cannot find symbol
  symbol: variable isVerifiedPurchase
[ERROR] /C:/Users/HP ELITEBOOK/Documents/landry/laine_deco/src/main/java/cm/dolers/laine_deco/infrastructure/persistence/entity/ReviewEntity.java:[146,73] cannot find symbol
  symbol: variable isVerifiedPurchase
[ERROR] /C:/Users/HP ELITEBOOK/Documents/landry/laine_deco/src/main/java/cm/dolers/laine_deco/infrastructure/persistence/entity/ReviewEntity.java:[148,46] cannot find symbol
  symbol: variable title
[ERROR] /C:/Users/HP ELITEBOOK/Documents/landry/laine_deco/src/main/java/cm/dolers/laine_deco/domain/model/RMAStatus.java:[4,5] constructor RMAStatus in enum cm.dolers.laine_deco.domain.model.RMAStatus cannot be applied to given types;
  required: java.lang.String
  found:    no arguments
  reason: actual and formal argument lists differ in length
[ERROR] /C:/Users/HP ELITEBOOK/Documents/landry/laine_deco/src/main/java/cm/dolers/laine_deco/application/mapper/impl/CouponMapperImpl.java:[19,41] incompatible types: java.lang.Integer cannot be converted to java.lang.Double
[ERROR] /C:/Users/HP ELITEBOOK/Documents/landry/laine_deco/src/main/java/cm/dolers/laine_deco/application/mapper/impl/FAQMapperImpl.java:[20,32] constructor FAQResponse in record cm.dolers.laine_deco.application.dto.FAQResponse cannot be applied to given types;
  required: java.lang.Long,java.lang.String,java.lang.String,java.lang.Integer,java.lang.Boolean,java.time.Instant
  found:    no arguments
  reason: actual and formal argument lists differ in length
[ERROR] /C:/Users/HP ELITEBOOK/Documents/landry/laine_deco/src/main/java/cm/dolers/laine_deco/application/mapper/impl/FAQMapperImpl.java:[21,30] cannot find symbol
  symbol:   method getId()
  location: variable entity of type cm.dolers.laine_deco.infrastructure.persistence.entity.FAQEntity
[ERROR] /C:/Users/HP ELITEBOOK/Documents/landry/laine_deco/src/main/java/cm/dolers/laine_deco/application/mapper/impl/FAQMapperImpl.java:[22,36] cannot find symbol
  symbol:   method getQuestion()
  location: variable entity of type cm.dolers.laine_deco.infrastructure.persistence.entity.FAQEntity
[ERROR] /C:/Users/HP ELITEBOOK/Documents/landry/laine_deco/src/main/java/cm/dolers/laine_deco/application/mapper/impl/FAQMapperImpl.java:[23,34] cannot find symbol
  symbol:   method getAnswer()
  location: variable entity of type cm.dolers.laine_deco.infrastructure.persistence.entity.FAQEntity
[ERROR] /C:/Users/HP ELITEBOOK/Documents/landry/laine_deco/src/main/java/cm/dolers/laine_deco/application/mapper/impl/FAQMapperImpl.java:[24,40] cannot find symbol
  symbol:   method getDisplayOrder()
  location: variable entity of type cm.dolers.laine_deco.infrastructure.persistence.entity.FAQEntity
[ERROR] /C:/Users/HP ELITEBOOK/Documents/landry/laine_deco/src/main/java/cm/dolers/laine_deco/application/mapper/impl/FAQMapperImpl.java:[25,36] cannot find symbol
  symbol:   method getIsActive()
  location: variable entity of type cm.dolers.laine_deco.infrastructure.persistence.entity.FAQEntity
[ERROR] /C:/Users/HP ELITEBOOK/Documents/landry/laine_deco/src/main/java/cm/dolers/laine_deco/application/mapper/impl/FAQMapperImpl.java:[26,37] cannot find symbol
  symbol:   method getCreatedAt()
  location: variable entity of type cm.dolers.laine_deco.infrastructure.persistence.entity.FAQEntity
[ERROR] /C:/Users/HP ELITEBOOK/Documents/landry/laine_deco/src/main/java/cm/dolers/laine_deco/application/mapper/impl/FAQMapperImpl.java:[27,37] cannot find symbol
  symbol:   method getUpdatedAt()
  location: variable entity of type cm.dolers.laine_deco.infrastructure.persistence.entity.FAQEntity
[ERROR] /C:/Users/HP ELITEBOOK/Documents/landry/laine_deco/src/main/java/cm/dolers/laine_deco/application/mapper/impl/KnittingPatternMapperImpl.java:[18,16] constructor KnittingPatternResponse in record cm.dolers.laine_deco.application.dto.KnittingPatternResponse cannot be applied to given types;
  required: java.lang.Long,java.lang.String,java.lang.String,java.lang.String,java.math.BigDecimal,java.lang.String,java.lang.String,java.util.List<java.lang.String>,java.lang.Boolean,java.time.Instant
  found:    java.lang.Long,java.lang.String,java.lang.String,java.lang.String,cm.dolers.laine_deco.domain.model.SkillLevel,int,java.lang.String,java.lang.String,java.lang.String,int,java.time.Instant
  reason: actual and formal argument lists differ in length
[ERROR] /C:/Users/HP ELITEBOOK/Documents/landry/laine_deco/src/main/java/cm/dolers/laine_deco/application/mapper/impl/KnittingProjectMapperImpl.java:[19,16] constructor KnittingProjectResponse in record cm.dolers.laine_deco.application.dto.KnittingProjectResponse cannot be applied to given types;
  required: java.lang.Long,java.lang.String,java.lang.String,java.lang.String,java.time.Instant,java.time.Instant
  found:    java.lang.Long,java.lang.Long,java.lang.String,java.lang.String,java.lang.String,java.lang.String,java.lang.String,java.lang.String,int,java.lang.String,int,java.time.Instant
  reason: actual and formal argument lists differ in length
[ERROR] /C:/Users/HP ELITEBOOK/Documents/landry/laine_deco/src/main/java/cm/dolers/laine_deco/application/mapper/impl/LegalPageMapperImpl.java:[22,46] incompatible types: java.lang.String cannot be converted to java.lang.Integer
[ERROR] /C:/Users/HP ELITEBOOK/Documents/landry/laine_deco/src/main/java/cm/dolers/laine_deco/application/mapper/impl/LoyaltyMapperImpl.java:[38,16] constructor UserBadgeResponse in record cm.dolers.laine_deco.application.dto.UserBadgeResponse cannot be applied to given types;
  required: java.lang.Long,java.lang.Long,java.lang.Long,java.lang.String,java.time.Instant
  found:    java.lang.Long,badge.getB[...] null,badge.getB[...] null,badge.getB[...] null,badge.getB[...] null,java.time.Instant
  reason: actual and formal argument lists differ in length
[ERROR] /C:/Users/HP ELITEBOOK/Documents/landry/laine_deco/src/main/java/cm/dolers/laine_deco/application/mapper/impl/MaintenanceGuideMapperImpl.java:[21,17] cannot find symbol
  symbol:   method setId(java.lang.Long)
  location: variable response of type cm.dolers.laine_deco.application.dto.MaintenanceGuideResponse
[ERROR] /C:/Users/HP ELITEBOOK/Documents/landry/laine_deco/src/main/java/cm/dolers/laine_deco/application/mapper/impl/MaintenanceGuideMapperImpl.java:[22,17] cannot find symbol
  symbol:   method setTitle(java.lang.String)
  location: variable response of type cm.dolers.laine_deco.application.dto.MaintenanceGuideResponse
[ERROR] /C:/Users/HP ELITEBOOK/Documents/landry/laine_deco/src/main/java/cm/dolers/laine_deco/application/mapper/impl/MaintenanceGuideMapperImpl.java:[23,17] cannot find symbol
  symbol:   method setContent(java.lang.String)
  location: variable response of type cm.dolers.laine_deco.application.dto.MaintenanceGuideResponse
[ERROR] /C:/Users/HP ELITEBOOK/Documents/landry/laine_deco/src/main/java/cm/dolers/laine_deco/application/mapper/impl/MaintenanceGuideMapperImpl.java:[24,17] cannot find symbol
  symbol:   method setInstructions(java.lang.String)
  location: variable response of type cm.dolers.laine_deco.application.dto.MaintenanceGuideResponse
[ERROR] /C:/Users/HP ELITEBOOK/Documents/landry/laine_deco/src/main/java/cm/dolers/laine_deco/application/mapper/impl/MaintenanceGuideMapperImpl.java:[25,33] cannot find symbol
  symbol:   method getScope()
  location: variable entity of type cm.dolers.laine_deco.infrastructure.persistence.entity.MaintenanceGuideEntity
[ERROR] /C:/Users/HP ELITEBOOK/Documents/landry/laine_deco/src/main/java/cm/dolers/laine_deco/application/mapper/impl/MaintenanceGuideMapperImpl.java:[26,17] cannot find symbol
  symbol:   method setImage(java.lang.String)
  location: variable response of type cm.dolers.laine_deco.application.dto.MaintenanceGuideResponse
[ERROR] /C:/Users/HP ELITEBOOK/Documents/landry/laine_deco/src/main/java/cm/dolers/laine_deco/application/mapper/impl/MaintenanceGuideMapperImpl.java:[27,17] cannot find symbol
  symbol:   method setIsActive(java.lang.Boolean)
  location: variable response of type cm.dolers.laine_deco.application.dto.MaintenanceGuideResponse
[ERROR] /C:/Users/HP ELITEBOOK/Documents/landry/laine_deco/src/main/java/cm/dolers/laine_deco/application/mapper/impl/MaintenanceGuideMapperImpl.java:[28,17] cannot find symbol
  symbol:   method setCreatedAt(java.lang.String)
  location: variable response of type cm.dolers.laine_deco.application.dto.MaintenanceGuideResponse
[ERROR] /C:/Users/HP ELITEBOOK/Documents/landry/laine_deco/src/main/java/cm/dolers/laine_deco/application/mapper/impl/MaintenanceGuideMapperImpl.java:[29,17] cannot find symbol
  symbol:   method setUpdatedAt(java.lang.String)
  location: variable response of type cm.dolers.laine_deco.application.dto.MaintenanceGuideResponse
[ERROR] /C:/Users/HP ELITEBOOK/Documents/landry/laine_deco/src/main/java/cm/dolers/laine_deco/application/mapper/impl/MaintenanceGuideMapperImpl.java:[32,21] cannot find symbol
  symbol:   method setCategoryId(java.lang.Long)
  location: variable response of type cm.dolers.laine_deco.application.dto.MaintenanceGuideResponse
[ERROR] /C:/Users/HP ELITEBOOK/Documents/landry/laine_deco/src/main/java/cm/dolers/laine_deco/application/mapper/impl/MaintenanceGuideMapperImpl.java:[33,21] cannot find symbol
  symbol:   method setCategoryName(java.lang.String)
  location: variable response of type cm.dolers.laine_deco.application.dto.MaintenanceGuideResponse
[ERROR] /C:/Users/HP ELITEBOOK/Documents/landry/laine_deco/src/main/java/cm/dolers/laine_deco/application/mapper/impl/MaintenanceGuideMapperImpl.java:[36,21] cannot find symbol
  symbol:   method setBrand(java.lang.String)
  location: variable response of type cm.dolers.laine_deco.application.dto.MaintenanceGuideResponse
[ERROR] /C:/Users/HP ELITEBOOK/Documents/landry/laine_deco/src/main/java/cm/dolers/laine_deco/application/mapper/impl/MaintenanceGuideMapperImpl.java:[39,21] cannot find symbol
  symbol:   method setProductId(java.lang.Long)
  location: variable response of type cm.dolers.laine_deco.application.dto.MaintenanceGuideResponse
[ERROR] /C:/Users/HP ELITEBOOK/Documents/landry/laine_deco/src/main/java/cm/dolers/laine_deco/application/mapper/impl/MaintenanceGuideMapperImpl.java:[40,21] cannot find symbol
  symbol:   method setProductName(java.lang.String)
  location: variable response of type cm.dolers.laine_deco.application.dto.MaintenanceGuideResponse
[ERROR] /C:/Users/HP ELITEBOOK/Documents/landry/laine_deco/src/main/java/cm/dolers/laine_deco/application/mapper/impl/NewsletterMapperImpl.java:[21,17] cannot find symbol
  symbol:   method setId(java.lang.Long)
  location: variable response of type cm.dolers.laine_deco.application.dto.NewsletterSubscriptionResponse
[ERROR] /C:/Users/HP ELITEBOOK/Documents/landry/laine_deco/src/main/java/cm/dolers/laine_deco/application/mapper/impl/NewsletterMapperImpl.java:[22,17] cannot find symbol
  symbol:   method setEmail(java.lang.String)
  location: variable response of type cm.dolers.laine_deco.application.dto.NewsletterSubscriptionResponse
[ERROR] /C:/Users/HP ELITEBOOK/Documents/landry/laine_deco/src/main/java/cm/dolers/laine_deco/application/mapper/impl/NewsletterMapperImpl.java:[23,37] cannot find symbol
  symbol:   method getFirstName()
  location: variable entity of type cm.dolers.laine_deco.infrastructure.persistence.entity.NewsletterSubscriptionEntity
[ERROR] /C:/Users/HP ELITEBOOK/Documents/landry/laine_deco/src/main/java/cm/dolers/laine_deco/application/mapper/impl/NewsletterMapperImpl.java:[24,36] cannot find symbol
  symbol:   method getLastName()
  location: variable entity of type cm.dolers.laine_deco.infrastructure.persistence.entity.NewsletterSubscriptionEntity
[ERROR] /C:/Users/HP ELITEBOOK/Documents/landry/laine_deco/src/main/java/cm/dolers/laine_deco/application/mapper/impl/NewsletterMapperImpl.java:[25,17] cannot find symbol
  symbol:   method setIsActive(java.lang.Boolean)
  location: variable response of type cm.dolers.laine_deco.application.dto.NewsletterSubscriptionResponse
[ERROR] /C:/Users/HP ELITEBOOK/Documents/landry/laine_deco/src/main/java/cm/dolers/laine_deco/application/mapper/impl/NewsletterMapperImpl.java:[26,40] cannot find symbol
  symbol:   method getSubscribedAt()
  location: variable entity of type cm.dolers.laine_deco.infrastructure.persistence.entity.NewsletterSubscriptionEntity
[ERROR] /C:/Users/HP ELITEBOOK/Documents/landry/laine_deco/src/main/java/cm/dolers/laine_deco/application/mapper/impl/NewsletterMapperImpl.java:[28,21] cannot find symbol
  symbol:   method setUnsubscribedAt(java.lang.String)
  location: variable response of type cm.dolers.laine_deco.application.dto.NewsletterSubscriptionResponse
[ERROR] /C:/Users/HP ELITEBOOK/Documents/landry/laine_deco/src/main/java/cm/dolers/laine_deco/application/usecase/ProductServiceWithLombok.java:[30,49] incompatible types: cm.dolers.laine_deco.domain.exception.ErrorCode cannot be converted to java.lang.String
[ERROR] /C:/Users/HP ELITEBOOK/Documents/landry/laine_deco/src/main/java/cm/dolers/laine_deco/application/usecase/ProductServiceWithLombok.java:[34,49] incompatible types: cm.dolers.laine_deco.domain.exception.ErrorCode cannot be converted to java.lang.String
[ERROR] /C:/Users/HP ELITEBOOK/Documents/landry/laine_deco/src/main/java/cm/dolers/laine_deco/application/usecase/ProductServiceWithLombok.java:[38,19] no suitable constructor found for RuntimeException(cm.dolers.laine_deco.domain.exception.ErrorCode)
    constructor java.lang.RuntimeException.RuntimeException(java.lang.String) is not applicable
      (argument mismatch; cm.dolers.laine_deco.domain.exception.ErrorCode cannot be converted to java.lang.String)
    constructor java.lang.RuntimeException.RuntimeException(java.lang.Throwable) is not applicable
      (argument mismatch; cm.dolers.laine_deco.domain.exception.ErrorCode cannot be converted to java.lang.Throwable)
[ERROR] /C:/Users/HP ELITEBOOK/Documents/landry/laine_deco/src/main/java/cm/dolers/laine_deco/application/usecase/ProductServiceWithLombok.java:[43,13] cannot find symbol
  symbol:   variable log
  location: class cm.dolers.laine_deco.application.usecase.ProductServiceWithLombok
[ERROR] /C:/Users/HP ELITEBOOK/Documents/landry/laine_deco/src/main/java/cm/dolers/laine_deco/application/usecase/ProductServiceWithLombok.java:[46,13] cannot find symbol
  symbol:   variable log
  location: class cm.dolers.laine_deco.application.usecase.ProductServiceWithLombok
[ERROR] /C:/Users/HP ELITEBOOK/Documents/landry/laine_deco/src/main/java/cm/dolers/laine_deco/application/usecase/ProductServiceWithLombok.java:[47,19] no suitable constructor found for RuntimeException(cm.dolers.laine_deco.domain.exception.ErrorCode,java.lang.String,java.lang.Exception)
    constructor java.lang.RuntimeException.RuntimeException() is not applicable
      (actual and formal argument lists differ in length)
    constructor java.lang.RuntimeException.RuntimeException(java.lang.String) is not applicable
      (actual and formal argument lists differ in length)
    constructor java.lang.RuntimeException.RuntimeException(java.lang.String,java.lang.Throwable) is not applicable
      (actual and formal argument lists differ in length)
    constructor java.lang.RuntimeException.RuntimeException(java.lang.Throwable) is not applicable
      (actual and formal argument lists differ in length)
    constructor java.lang.RuntimeException.RuntimeException(java.lang.String,java.lang.Throwable,boolean,boolean) is not applicable
      (actual and formal argument lists differ in length)
[ERROR] /C:/Users/HP ELITEBOOK/Documents/landry/laine_deco/src/main/java/cm/dolers/laine_deco/application/usecase/ProductServiceWithLombok.java:[54,17] cannot find symbol
  symbol:   variable log
  location: class cm.dolers.laine_deco.application.usecase.ProductServiceWithLombok
[ERROR] /C:/Users/HP ELITEBOOK/Documents/landry/laine_deco/src/main/java/cm/dolers/laine_deco/application/usecase/ProductServiceWithLombok.java:[55,54] incompatible types: cm.dolers.laine_deco.domain.exception.ErrorCode cannot be converted to java.lang.String
[ERROR] /C:/Users/HP ELITEBOOK/Documents/landry/laine_deco/src/main/java/cm/dolers/laine_deco/application/usecase/ProductServiceWithLombok.java:[61,49] incompatible types: cm.dolers.laine_deco.domain.exception.ErrorCode cannot be converted to java.lang.String
[ERROR] /C:/Users/HP ELITEBOOK/Documents/landry/laine_deco/src/main/java/cm/dolers/laine_deco/application/usecase/ProductServiceWithLombok.java:[65,9] cannot find symbol
  symbol:   variable log
  location: class cm.dolers.laine_deco.application.usecase.ProductServiceWithLombok
[ERROR] /C:/Users/HP ELITEBOOK/Documents/landry/laine_deco/src/main/java/cm/dolers/laine_deco/application/usecase/ProductServiceWithLombok.java:[74,13] cannot find symbol
  symbol:   variable log
  location: class cm.dolers.laine_deco.application.usecase.ProductServiceWithLombok
[ERROR] /C:/Users/HP ELITEBOOK/Documents/landry/laine_deco/src/main/java/cm/dolers/laine_deco/application/usecase/ProductServiceWithLombok.java:[76,49] incompatible types: cm.dolers.laine_deco.domain.exception.ErrorCode cannot be converted to java.lang.String
[ERROR] /C:/Users/HP ELITEBOOK/Documents/landry/laine_deco/src/main/java/cm/dolers/laine_deco/application/usecase/ProductServiceWithLombok.java:[82,9] cannot find symbol
  symbol:   variable log
  location: class cm.dolers.laine_deco.application.usecase.ProductServiceWithLombok
[ERROR] /C:/Users/HP ELITEBOOK/Documents/landry/laine_deco/src/main/java/cm/dolers/laine_deco/application/usecase/impl/BadgeServiceImpl.java:[81,5] method does not override or implement a method from a supertype
[ERROR] /C:/Users/HP ELITEBOOK/Documents/landry/laine_deco/src/main/java/cm/dolers/laine_deco/application/usecase/impl/ChatServiceImpl.java:[23,8] cm.dolers.laine_deco.application.usecase.impl.ChatServiceImpl is not abstract and does not override abstract method updateConversationStatus(java.lang.Long,java.lang.String) in cm.dolers.laine_deco.application.usecase.ChatService
[ERROR] /C:/Users/HP ELITEBOOK/Documents/landry/laine_deco/src/main/java/cm/dolers/laine_deco/application/usecase/impl/ChatServiceImpl.java:[100,37] updateConversationStatus(java.lang.Long,java.lang.String) in cm.dolers.laine_deco.application.usecase.impl.ChatServiceImpl cannot implement updateConversationStatus(java.lang.Long,java.lang.String) in cm.dolers.laine_deco.application.usecase.ChatService
  return type cm.dolers.laine_deco.application.dto.ChatConversationResponse is not compatible with cm.dolers.laine_deco.application.dto.ChatMessageResponse
[ERROR] /C:/Users/HP ELITEBOOK/Documents/landry/laine_deco/src/main/java/cm/dolers/laine_deco/application/usecase/impl/ChatServiceImpl.java:[248,75] getUserConversations(java.lang.Long,org.springframework.data.domain.Pageable) in cm.dolers.laine_deco.application.usecase.impl.ChatServiceImpl cannot implement getUserConversations(java.lang.Long,org.springframework.data.domain.Pageable) in cm.dolers.laine_deco.application.usecase.ChatService
  return type org.springframework.data.domain.Page<cm.dolers.laine_deco.application.dto.ChatConversationResponse> is not compatible with org.springframework.data.domain.Page<cm.dolers.laine_deco.application.dto.ChatMessageResponse>
[ERROR] /C:/Users/HP ELITEBOOK/Documents/landry/laine_deco/src/main/java/cm/dolers/laine_deco/application/usecase/impl/ChatServiceImpl.java:[98,5] method does not override or implement a method from a supertype
[ERROR] /C:/Users/HP ELITEBOOK/Documents/landry/laine_deco/src/main/java/cm/dolers/laine_deco/application/usecase/impl/ChatServiceImpl.java:[247,5] method does not override or implement a method from a supertype
[ERROR] /C:/Users/HP ELITEBOOK/Documents/landry/laine_deco/src/main/java/cm/dolers/laine_deco/application/usecase/impl/CouponServiceImpl.java:[39,72] no suitable method found for valueOf(@jakarta.validation.constraints.NotNull(message="Le type est obligatoire") cm.dolers.laine_deco.domain.model.CouponType)
    method java.lang.Enum.<T>valueOf(java.lang.Class<T>,java.lang.String) is not applicable
      (cannot infer type-variable(s) T
        (actual and formal argument lists differ in length))
    method cm.dolers.laine_deco.domain.model.CouponType.valueOf(java.lang.String) is not applicable
      (argument mismatch; @jakarta.validation.constraints.NotNull(message="Le type est obligatoire") cm.dolers.laine_deco.domain.model.CouponType cannot be converted to java.lang.String)
[ERROR] /C:/Users/HP ELITEBOOK/Documents/landry/laine_deco/src/main/java/cm/dolers/laine_deco/application/usecase/impl/CouponServiceImpl.java:[95,68] no suitable method found for valueOf(@jakarta.validation.constraints.NotNull(message="Le type est obligatoire") cm.dolers.laine_deco.domain.model.CouponType)
    method java.lang.Enum.<T>valueOf(java.lang.Class<T>,java.lang.String) is not applicable
      (cannot infer type-variable(s) T
        (actual and formal argument lists differ in length))
    method cm.dolers.laine_deco.domain.model.CouponType.valueOf(java.lang.String) is not applicable
      (argument mismatch; @jakarta.validation.constraints.NotNull(message="Le type est obligatoire") cm.dolers.laine_deco.domain.model.CouponType cannot be converted to java.lang.String)
[ERROR] /C:/Users/HP ELITEBOOK/Documents/landry/laine_deco/src/main/java/cm/dolers/laine_deco/application/usecase/impl/KnittingPatternServiceImpl.java:[34,53] incompatible types: java.lang.String cannot be converted to cm.dolers.laine_deco.domain.model.SkillLevel
[ERROR] /C:/Users/HP ELITEBOOK/Documents/landry/laine_deco/src/main/java/cm/dolers/laine_deco/application/usecase/impl/KnittingPatternServiceImpl.java:[37,53] incompatible types: java.lang.Integer cannot be converted to java.lang.String
[ERROR] /C:/Users/HP ELITEBOOK/Documents/landry/laine_deco/src/main/java/cm/dolers/laine_deco/application/usecase/impl/KnittingPatternServiceImpl.java:[86,49] incompatible types: java.lang.String cannot be converted to cm.dolers.laine_deco.domain.model.SkillLevel
[ERROR] /C:/Users/HP ELITEBOOK/Documents/landry/laine_deco/src/main/java/cm/dolers/laine_deco/application/usecase/impl/KnittingPatternServiceImpl.java:[89,49] incompatible types: java.lang.Integer cannot be converted to java.lang.String
[ERROR] /C:/Users/HP ELITEBOOK/Documents/landry/laine_deco/src/main/java/cm/dolers/laine_deco/application/usecase/impl/WoolCalculatorServiceImpl.java:[50,26] incompatible types: java.lang.Integer cannot be converted to java.lang.Double
[ERROR] /C:/Users/HP ELITEBOOK/Documents/landry/laine_deco/src/main/java/cm/dolers/laine_deco/interfaces/rest/controller/AdminProductController.java:[99,38] constructor Response in class cm.dolers.laine_deco.interfaces.rest.controller.AdminProductController.Response cannot be applied to given types;
  required: no arguments
  found:    boolean,java.lang.String
  reason: actual and formal argument lists differ in length
[ERROR] /C:/Users/HP ELITEBOOK/Documents/landry/laine_deco/src/main/java/cm/dolers/laine_deco/interfaces/rest/controller/admin/AdminChatController.java:[80,33] incompatible types: inference variable T has incompatible bounds
    equality constraints: cm.dolers.laine_deco.application.dto.ChatConversationResponse
    lower bounds: cm.dolers.laine_deco.application.dto.ChatMessageResponse
[ERROR] /C:/Users/HP ELITEBOOK/Documents/landry/laine_deco/src/main/java/cm/dolers/laine_deco/interfaces/rest/controller/admin/AdminChatController.java:[87,33] incompatible types: inference variable T has incompatible bounds
    equality constraints: cm.dolers.laine_deco.application.dto.ChatConversationResponse
    lower bounds: cm.dolers.laine_deco.application.dto.ChatMessageResponse
[INFO] 79 errors 
[INFO] -------------------------------------------------------------
[INFO] ------------------------------------------------------------------------
[INFO] BUILD FAILURE
[INFO] ------------------------------------------------------------------------
[INFO] Total time:  13.029 s
[INFO] Finished at: 2026-04-18T06:03:02+01:00
[INFO] ------------------------------------------------------------------------
[ERROR] Failed to execute goal org.apache.maven.plugins:maven-compiler-plugin:3.14.1:compile (default-compile) on project laine_deco: Compilation failure: Compilation failure: 
[ERROR] /C:/Users/HP ELITEBOOK/Documents/landry/laine_deco/src/main/java/cm/dolers/laine_deco/infrastructure/persistence/entity/OrderEntity.java:[17,41] cannot find symbol
[ERROR]   symbol:   class OrderType
[ERROR]   location: package cm.dolers.laine_deco.domain.model
[ERROR] /C:/Users/HP ELITEBOOK/Documents/landry/laine_deco/src/main/java/cm/dolers/laine_deco/infrastructure/persistence/entity/OrderEntity.java:[371,30] cannot find symbol
[ERROR]   symbol:   class OrderType
[ERROR]   location: class cm.dolers.laine_deco.infrastructure.persistence.entity.OrderEntity
[ERROR] /C:/Users/HP ELITEBOOK/Documents/landry/laine_deco/src/main/java/cm/dolers/laine_deco/application/mapper/impl/ChatMapperImpl.java:[9,43] package cm.dolers.laine_deco.aplication.dto does not exist
[ERROR] /C:/Users/HP ELITEBOOK/Documents/landry/laine_deco/src/main/java/cm/dolers/laine_deco/application/usecase/impl/CommunityPostServiceImpl.java:[153,109] method getUserPosts(java.lang.Long,org.springframework.data.domain.Pageable) is already defined in class cm.dolers.laine_deco.application.usecase.impl.CommunityPostServiceImpl
[ERROR] /C:/Users/HP ELITEBOOK/Documents/landry/laine_deco/src/main/java/cm/dolers/laine_deco/infrastructure/persistence/repository/RMAJpaRepository.java:[10,24] cannot find symbol
[ERROR]   symbol:   class RmaEntity
[ERROR]   location: interface cm.dolers.laine_deco.infrastructure.persistence.repository.RMAJpaRepository
[ERROR] /C:/Users/HP ELITEBOOK/Documents/landry/laine_deco/src/main/java/cm/dolers/laine_deco/infrastructure/config/PromotionScheduledTasks.java:[17,1] lombok.extern.slf4j.Slf4j is not a repeatable annotation interface
[ERROR] /C:/Users/HP ELITEBOOK/Documents/landry/laine_deco/src/main/java/cm/dolers/laine_deco/infrastructure/persistence/entity/NewsletterSubscriptionEntity.java:[43,71] cannot find symbol
[ERROR]   symbol: variable subscribedAt
[ERROR] /C:/Users/HP ELITEBOOK/Documents/landry/laine_deco/src/main/java/cm/dolers/laine_deco/infrastructure/persistence/entity/NewsletterSubscriptionEntity.java:[45,54] cannot find symbol
[ERROR]   symbol: variable firstName
[ERROR] /C:/Users/HP ELITEBOOK/Documents/landry/laine_deco/src/main/java/cm/dolers/laine_deco/infrastructure/persistence/entity/NewsletterSubscriptionEntity.java:[46,52] cannot find symbol
[ERROR]   symbol: variable lastName
[ERROR] /C:/Users/HP ELITEBOOK/Documents/landry/laine_deco/src/main/java/cm/dolers/laine_deco/infrastructure/persistence/entity/ReviewEntity.java:[141,73] cannot find symbol
[ERROR]   symbol: variable isVerifiedPurchase
[ERROR] /C:/Users/HP ELITEBOOK/Documents/landry/laine_deco/src/main/java/cm/dolers/laine_deco/infrastructure/persistence/entity/ReviewEntity.java:[142,58] incompatible types: java.lang.String cannot be converted to cm.dolers.laine_deco.domain.model.ReviewStatus
[ERROR] /C:/Users/HP ELITEBOOK/Documents/landry/laine_deco/src/main/java/cm/dolers/laine_deco/infrastructure/persistence/entity/ReviewEntity.java:[143,61] cannot find symbol
[ERROR]   symbol: variable helpfulCount
[ERROR] /C:/Users/HP ELITEBOOK/Documents/landry/laine_deco/src/main/java/cm/dolers/laine_deco/infrastructure/persistence/entity/ReviewEntity.java:[145,71] cannot find symbol
[ERROR]   symbol: variable isVerifiedPurchase
[ERROR] /C:/Users/HP ELITEBOOK/Documents/landry/laine_deco/src/main/java/cm/dolers/laine_deco/infrastructure/persistence/entity/ReviewEntity.java:[146,73] cannot find symbol
[ERROR]   symbol: variable isVerifiedPurchase
[ERROR] /C:/Users/HP ELITEBOOK/Documents/landry/laine_deco/src/main/java/cm/dolers/laine_deco/infrastructure/persistence/entity/ReviewEntity.java:[148,46] cannot find symbol
[ERROR]   symbol: variable title
[ERROR] /C:/Users/HP ELITEBOOK/Documents/landry/laine_deco/src/main/java/cm/dolers/laine_deco/domain/model/RMAStatus.java:[4,5] constructor RMAStatus in enum cm.dolers.laine_deco.domain.model.RMAStatus cannot be applied to given types;
[ERROR]   required: java.lang.String
[ERROR]   found:    no arguments
[ERROR]   reason: actual and formal argument lists differ in length
[ERROR] /C:/Users/HP ELITEBOOK/Documents/landry/laine_deco/src/main/java/cm/dolers/laine_deco/application/mapper/impl/CouponMapperImpl.java:[19,41] incompatible types: java.lang.Integer cannot be converted to java.lang.Double
[ERROR] /C:/Users/HP ELITEBOOK/Documents/landry/laine_deco/src/main/java/cm/dolers/laine_deco/application/mapper/impl/FAQMapperImpl.java:[20,32] constructor FAQResponse in record cm.dolers.laine_deco.application.dto.FAQResponse cannot be applied to given types;
[ERROR]   required: java.lang.Long,java.lang.String,java.lang.String,java.lang.Integer,java.lang.Boolean,java.time.Instant
[ERROR]   found:    no arguments
[ERROR]   reason: actual and formal argument lists differ in length
[ERROR] /C:/Users/HP ELITEBOOK/Documents/landry/laine_deco/src/main/java/cm/dolers/laine_deco/application/mapper/impl/FAQMapperImpl.java:[21,30] cannot find symbol
[ERROR]   symbol:   method getId()
[ERROR]   location: variable entity of type cm.dolers.laine_deco.infrastructure.persistence.entity.FAQEntity
[ERROR] /C:/Users/HP ELITEBOOK/Documents/landry/laine_deco/src/main/java/cm/dolers/laine_deco/application/mapper/impl/FAQMapperImpl.java:[22,36] cannot find symbol
[ERROR]   symbol:   method getQuestion()
[ERROR]   location: variable entity of type cm.dolers.laine_deco.infrastructure.persistence.entity.FAQEntity
[ERROR] /C:/Users/HP ELITEBOOK/Documents/landry/laine_deco/src/main/java/cm/dolers/laine_deco/application/mapper/impl/FAQMapperImpl.java:[23,34] cannot find symbol
[ERROR]   symbol:   method getAnswer()
[ERROR]   location: variable entity of type cm.dolers.laine_deco.infrastructure.persistence.entity.FAQEntity
[ERROR] /C:/Users/HP ELITEBOOK/Documents/landry/laine_deco/src/main/java/cm/dolers/laine_deco/application/mapper/impl/FAQMapperImpl.java:[24,40] cannot find symbol
[ERROR]   symbol:   method getDisplayOrder()
[ERROR]   location: variable entity of type cm.dolers.laine_deco.infrastructure.persistence.entity.FAQEntity
[ERROR] /C:/Users/HP ELITEBOOK/Documents/landry/laine_deco/src/main/java/cm/dolers/laine_deco/application/mapper/impl/FAQMapperImpl.java:[25,36] cannot find symbol
[ERROR]   symbol:   method getIsActive()
[ERROR]   location: variable entity of type cm.dolers.laine_deco.infrastructure.persistence.entity.FAQEntity
[ERROR] /C:/Users/HP ELITEBOOK/Documents/landry/laine_deco/src/main/java/cm/dolers/laine_deco/application/mapper/impl/FAQMapperImpl.java:[26,37] cannot find symbol
[ERROR]   symbol:   method getCreatedAt()
[ERROR]   location: variable entity of type cm.dolers.laine_deco.infrastructure.persistence.entity.FAQEntity
[ERROR] /C:/Users/HP ELITEBOOK/Documents/landry/laine_deco/src/main/java/cm/dolers/laine_deco/application/mapper/impl/FAQMapperImpl.java:[27,37] cannot find symbol
[ERROR]   symbol:   method getUpdatedAt()
[ERROR]   location: variable entity of type cm.dolers.laine_deco.infrastructure.persistence.entity.FAQEntity
[ERROR] /C:/Users/HP ELITEBOOK/Documents/landry/laine_deco/src/main/java/cm/dolers/laine_deco/application/mapper/impl/KnittingPatternMapperImpl.java:[18,16] constructor KnittingPatternResponse in record cm.dolers.laine_deco.application.dto.KnittingPatternResponse cannot be applied to given types;
[ERROR]   required: java.lang.Long,java.lang.String,java.lang.String,java.lang.String,java.math.BigDecimal,java.lang.String,java.lang.String,java.util.List<java.lang.String>,java.lang.Boolean,java.time.Instant
[ERROR]   found:    java.lang.Long,java.lang.String,java.lang.String,java.lang.String,cm.dolers.laine_deco.domain.model.SkillLevel,int,java.lang.String,java.lang.String,java.lang.String,int,java.time.Instant
[ERROR]   reason: actual and formal argument lists differ in length
[ERROR] /C:/Users/HP ELITEBOOK/Documents/landry/laine_deco/src/main/java/cm/dolers/laine_deco/application/mapper/impl/KnittingProjectMapperImpl.java:[19,16] constructor KnittingProjectResponse in record cm.dolers.laine_deco.application.dto.KnittingProjectResponse cannot be applied to given types;
[ERROR]   required: java.lang.Long,java.lang.String,java.lang.String,java.lang.String,java.time.Instant,java.time.Instant
[ERROR]   found:    java.lang.Long,java.lang.Long,java.lang.String,java.lang.String,java.lang.String,java.lang.String,java.lang.String,java.lang.String,int,java.lang.String,int,java.time.Instant
[ERROR]   reason: actual and formal argument lists differ in length
[ERROR] /C:/Users/HP ELITEBOOK/Documents/landry/laine_deco/src/main/java/cm/dolers/laine_deco/application/mapper/impl/LegalPageMapperImpl.java:[22,46] incompatible types: java.lang.String cannot be converted to java.lang.Integer
[ERROR] /C:/Users/HP ELITEBOOK/Documents/landry/laine_deco/src/main/java/cm/dolers/laine_deco/application/mapper/impl/LoyaltyMapperImpl.java:[38,16] constructor UserBadgeResponse in record cm.dolers.laine_deco.application.dto.UserBadgeResponse cannot be applied to given types;
[ERROR]   required: java.lang.Long,java.lang.Long,java.lang.Long,java.lang.String,java.time.Instant
[ERROR]   found:    java.lang.Long,badge.getB[...] null,badge.getB[...] null,badge.getB[...] null,badge.getB[...] null,java.time.Instant
[ERROR]   reason: actual and formal argument lists differ in length
[ERROR] /C:/Users/HP ELITEBOOK/Documents/landry/laine_deco/src/main/java/cm/dolers/laine_deco/application/mapper/impl/MaintenanceGuideMapperImpl.java:[21,17] cannot find symbol
[ERROR]   symbol:   method setId(java.lang.Long)
[ERROR]   location: variable response of type cm.dolers.laine_deco.application.dto.MaintenanceGuideResponse
[ERROR] /C:/Users/HP ELITEBOOK/Documents/landry/laine_deco/src/main/java/cm/dolers/laine_deco/application/mapper/impl/MaintenanceGuideMapperImpl.java:[22,17] cannot find symbol
[ERROR]   symbol:   method setTitle(java.lang.String)
[ERROR]   location: variable response of type cm.dolers.laine_deco.application.dto.MaintenanceGuideResponse
[ERROR] /C:/Users/HP ELITEBOOK/Documents/landry/laine_deco/src/main/java/cm/dolers/laine_deco/application/mapper/impl/MaintenanceGuideMapperImpl.java:[23,17] cannot find symbol
[ERROR]   symbol:   method setContent(java.lang.String)
[ERROR]   location: variable response of type cm.dolers.laine_deco.application.dto.MaintenanceGuideResponse
[ERROR] /C:/Users/HP ELITEBOOK/Documents/landry/laine_deco/src/main/java/cm/dolers/laine_deco/application/mapper/impl/MaintenanceGuideMapperImpl.java:[24,17] cannot find symbol
[ERROR]   symbol:   method setInstructions(java.lang.String)
[ERROR]   location: variable response of type cm.dolers.laine_deco.application.dto.MaintenanceGuideResponse
[ERROR] /C:/Users/HP ELITEBOOK/Documents/landry/laine_deco/src/main/java/cm/dolers/laine_deco/application/mapper/impl/MaintenanceGuideMapperImpl.java:[25,33] cannot find symbol
[ERROR]   symbol:   method getScope()
[ERROR]   location: variable entity of type cm.dolers.laine_deco.infrastructure.persistence.entity.MaintenanceGuideEntity
[ERROR] /C:/Users/HP ELITEBOOK/Documents/landry/laine_deco/src/main/java/cm/dolers/laine_deco/application/mapper/impl/MaintenanceGuideMapperImpl.java:[26,17] cannot find symbol
[ERROR]   symbol:   method setImage(java.lang.String)
[ERROR]   location: variable response of type cm.dolers.laine_deco.application.dto.MaintenanceGuideResponse
[ERROR] /C:/Users/HP ELITEBOOK/Documents/landry/laine_deco/src/main/java/cm/dolers/laine_deco/application/mapper/impl/MaintenanceGuideMapperImpl.java:[27,17] cannot find symbol
[ERROR]   symbol:   method setIsActive(java.lang.Boolean)
[ERROR]   location: variable response of type cm.dolers.laine_deco.application.dto.MaintenanceGuideResponse
[ERROR] /C:/Users/HP ELITEBOOK/Documents/landry/laine_deco/src/main/java/cm/dolers/laine_deco/application/mapper/impl/MaintenanceGuideMapperImpl.java:[28,17] cannot find symbol
[ERROR]   symbol:   method setCreatedAt(java.lang.String)
[ERROR]   location: variable response of type cm.dolers.laine_deco.application.dto.MaintenanceGuideResponse
[ERROR] /C:/Users/HP ELITEBOOK/Documents/landry/laine_deco/src/main/java/cm/dolers/laine_deco/application/mapper/impl/MaintenanceGuideMapperImpl.java:[29,17] cannot find symbol
[ERROR]   symbol:   method setUpdatedAt(java.lang.String)
[ERROR]   location: variable response of type cm.dolers.laine_deco.application.dto.MaintenanceGuideResponse
[ERROR] /C:/Users/HP ELITEBOOK/Documents/landry/laine_deco/src/main/java/cm/dolers/laine_deco/application/mapper/impl/MaintenanceGuideMapperImpl.java:[32,21] cannot find symbol
[ERROR]   symbol:   method setCategoryId(java.lang.Long)
[ERROR]   location: variable response of type cm.dolers.laine_deco.application.dto.MaintenanceGuideResponse
[ERROR] /C:/Users/HP ELITEBOOK/Documents/landry/laine_deco/src/main/java/cm/dolers/laine_deco/application/mapper/impl/MaintenanceGuideMapperImpl.java:[33,21] cannot find symbol
[ERROR]   symbol:   method setCategoryName(java.lang.String)
[ERROR]   location: variable response of type cm.dolers.laine_deco.application.dto.MaintenanceGuideResponse
[ERROR] /C:/Users/HP ELITEBOOK/Documents/landry/laine_deco/src/main/java/cm/dolers/laine_deco/application/mapper/impl/MaintenanceGuideMapperImpl.java:[36,21] cannot find symbol
[ERROR]   symbol:   method setBrand(java.lang.String)
[ERROR]   location: variable response of type cm.dolers.laine_deco.application.dto.MaintenanceGuideResponse
[ERROR] /C:/Users/HP ELITEBOOK/Documents/landry/laine_deco/src/main/java/cm/dolers/laine_deco/application/mapper/impl/MaintenanceGuideMapperImpl.java:[39,21] cannot find symbol
[ERROR]   symbol:   method setProductId(java.lang.Long)
[ERROR]   location: variable response of type cm.dolers.laine_deco.application.dto.MaintenanceGuideResponse
[ERROR] /C:/Users/HP ELITEBOOK/Documents/landry/laine_deco/src/main/java/cm/dolers/laine_deco/application/mapper/impl/MaintenanceGuideMapperImpl.java:[40,21] cannot find symbol
[ERROR]   symbol:   method setProductName(java.lang.String)
[ERROR]   location: variable response of type cm.dolers.laine_deco.application.dto.MaintenanceGuideResponse
[ERROR] /C:/Users/HP ELITEBOOK/Documents/landry/laine_deco/src/main/java/cm/dolers/laine_deco/application/mapper/impl/NewsletterMapperImpl.java:[21,17] cannot find symbol
[ERROR]   symbol:   method setId(java.lang.Long)
[ERROR]   location: variable response of type cm.dolers.laine_deco.application.dto.NewsletterSubscriptionResponse
[ERROR] /C:/Users/HP ELITEBOOK/Documents/landry/laine_deco/src/main/java/cm/dolers/laine_deco/application/mapper/impl/NewsletterMapperImpl.java:[22,17] cannot find symbol
[ERROR]   symbol:   method setEmail(java.lang.String)
[ERROR]   location: variable response of type cm.dolers.laine_deco.application.dto.NewsletterSubscriptionResponse
[ERROR] /C:/Users/HP ELITEBOOK/Documents/landry/laine_deco/src/main/java/cm/dolers/laine_deco/application/mapper/impl/NewsletterMapperImpl.java:[23,37] cannot find symbol
[ERROR]   symbol:   method getFirstName()
[ERROR]   location: variable entity of type cm.dolers.laine_deco.infrastructure.persistence.entity.NewsletterSubscriptionEntity
[ERROR] /C:/Users/HP ELITEBOOK/Documents/landry/laine_deco/src/main/java/cm/dolers/laine_deco/application/mapper/impl/NewsletterMapperImpl.java:[24,36] cannot find symbol
[ERROR]   symbol:   method getLastName()
[ERROR]   location: variable entity of type cm.dolers.laine_deco.infrastructure.persistence.entity.NewsletterSubscriptionEntity
[ERROR] /C:/Users/HP ELITEBOOK/Documents/landry/laine_deco/src/main/java/cm/dolers/laine_deco/application/mapper/impl/NewsletterMapperImpl.java:[25,17] cannot find symbol
[ERROR]   symbol:   method setIsActive(java.lang.Boolean)
[ERROR]   location: variable response of type cm.dolers.laine_deco.application.dto.NewsletterSubscriptionResponse
[ERROR] /C:/Users/HP ELITEBOOK/Documents/landry/laine_deco/src/main/java/cm/dolers/laine_deco/application/mapper/impl/NewsletterMapperImpl.java:[26,40] cannot find symbol
[ERROR]   symbol:   method getSubscribedAt()
[ERROR]   location: variable entity of type cm.dolers.laine_deco.infrastructure.persistence.entity.NewsletterSubscriptionEntity
[ERROR] /C:/Users/HP ELITEBOOK/Documents/landry/laine_deco/src/main/java/cm/dolers/laine_deco/application/mapper/impl/NewsletterMapperImpl.java:[28,21] cannot find symbol
[ERROR]   symbol:   method setUnsubscribedAt(java.lang.String)
[ERROR]   location: variable response of type cm.dolers.laine_deco.application.dto.NewsletterSubscriptionResponse
[ERROR] /C:/Users/HP ELITEBOOK/Documents/landry/laine_deco/src/main/java/cm/dolers/laine_deco/application/usecase/ProductServiceWithLombok.java:[30,49] incompatible types: cm.dolers.laine_deco.domain.exception.ErrorCode cannot be converted to java.lang.String
[ERROR] /C:/Users/HP ELITEBOOK/Documents/landry/laine_deco/src/main/java/cm/dolers/laine_deco/application/usecase/ProductServiceWithLombok.java:[34,49] incompatible types: cm.dolers.laine_deco.domain.exception.ErrorCode cannot be converted to java.lang.String
[ERROR] /C:/Users/HP ELITEBOOK/Documents/landry/laine_deco/src/main/java/cm/dolers/laine_deco/application/usecase/ProductServiceWithLombok.java:[38,19] no suitable constructor found for RuntimeException(cm.dolers.laine_deco.domain.exception.ErrorCode)
[ERROR]     constructor java.lang.RuntimeException.RuntimeException(java.lang.String) is not applicable
[ERROR]       (argument mismatch; cm.dolers.laine_deco.domain.exception.ErrorCode cannot be converted to java.lang.String)
[ERROR]     constructor java.lang.RuntimeException.RuntimeException(java.lang.Throwable) is not applicable
[ERROR]       (argument mismatch; cm.dolers.laine_deco.domain.exception.ErrorCode cannot be converted to java.lang.Throwable)
[ERROR] /C:/Users/HP ELITEBOOK/Documents/landry/laine_deco/src/main/java/cm/dolers/laine_deco/application/usecase/ProductServiceWithLombok.java:[43,13] cannot find symbol
[ERROR]   symbol:   variable log
[ERROR]   location: class cm.dolers.laine_deco.application.usecase.ProductServiceWithLombok
[ERROR] /C:/Users/HP ELITEBOOK/Documents/landry/laine_deco/src/main/java/cm/dolers/laine_deco/application/usecase/ProductServiceWithLombok.java:[46,13] cannot find symbol
[ERROR]   symbol:   variable log
[ERROR]   location: class cm.dolers.laine_deco.application.usecase.ProductServiceWithLombok
[ERROR] /C:/Users/HP ELITEBOOK/Documents/landry/laine_deco/src/main/java/cm/dolers/laine_deco/application/usecase/ProductServiceWithLombok.java:[47,19] no suitable constructor found for RuntimeException(cm.dolers.laine_deco.domain.exception.ErrorCode,java.lang.String,java.lang.Exception)
[ERROR]     constructor java.lang.RuntimeException.RuntimeException() is not applicable
[ERROR]       (actual and formal argument lists differ in length)
[ERROR]     constructor java.lang.RuntimeException.RuntimeException(java.lang.String) is not applicable
[ERROR]       (actual and formal argument lists differ in length)
[ERROR]     constructor java.lang.RuntimeException.RuntimeException(java.lang.String,java.lang.Throwable) is not applicable
[ERROR]       (actual and formal argument lists differ in length)
[ERROR]     constructor java.lang.RuntimeException.RuntimeException(java.lang.Throwable) is not applicable
[ERROR]       (actual and formal argument lists differ in length)
[ERROR]     constructor java.lang.RuntimeException.RuntimeException(java.lang.String,java.lang.Throwable,boolean,boolean) is not applicable
[ERROR]       (actual and formal argument lists differ in length)
[ERROR] /C:/Users/HP ELITEBOOK/Documents/landry/laine_deco/src/main/java/cm/dolers/laine_deco/application/usecase/ProductServiceWithLombok.java:[54,17] cannot find symbol
[ERROR]   symbol:   variable log
[ERROR]   location: class cm.dolers.laine_deco.application.usecase.ProductServiceWithLombok
[ERROR] /C:/Users/HP ELITEBOOK/Documents/landry/laine_deco/src/main/java/cm/dolers/laine_deco/application/usecase/ProductServiceWithLombok.java:[55,54] incompatible types: cm.dolers.laine_deco.domain.exception.ErrorCode cannot be converted to java.lang.String
[ERROR] /C:/Users/HP ELITEBOOK/Documents/landry/laine_deco/src/main/java/cm/dolers/laine_deco/application/usecase/ProductServiceWithLombok.java:[61,49] incompatible types: cm.dolers.laine_deco.domain.exception.ErrorCode cannot be converted to java.lang.String
[ERROR] /C:/Users/HP ELITEBOOK/Documents/landry/laine_deco/src/main/java/cm/dolers/laine_deco/application/usecase/ProductServiceWithLombok.java:[65,9] cannot find symbol
[ERROR]   symbol:   variable log
[ERROR]   location: class cm.dolers.laine_deco.application.usecase.ProductServiceWithLombok
[ERROR] /C:/Users/HP ELITEBOOK/Documents/landry/laine_deco/src/main/java/cm/dolers/laine_deco/application/usecase/ProductServiceWithLombok.java:[74,13] cannot find symbol
[ERROR]   symbol:   variable log
[ERROR]   location: class cm.dolers.laine_deco.application.usecase.ProductServiceWithLombok
[ERROR] /C:/Users/HP ELITEBOOK/Documents/landry/laine_deco/src/main/java/cm/dolers/laine_deco/application/usecase/ProductServiceWithLombok.java:[76,49] incompatible types: cm.dolers.laine_deco.domain.exception.ErrorCode cannot be converted to java.lang.String
[ERROR] /C:/Users/HP ELITEBOOK/Documents/landry/laine_deco/src/main/java/cm/dolers/laine_deco/application/usecase/ProductServiceWithLombok.java:[82,9] cannot find symbol
[ERROR]   symbol:   variable log
[ERROR]   location: class cm.dolers.laine_deco.application.usecase.ProductServiceWithLombok
[ERROR] /C:/Users/HP ELITEBOOK/Documents/landry/laine_deco/src/main/java/cm/dolers/laine_deco/application/usecase/impl/BadgeServiceImpl.java:[81,5] method does not override or implement a method from a supertype
[ERROR] /C:/Users/HP ELITEBOOK/Documents/landry/laine_deco/src/main/java/cm/dolers/laine_deco/application/usecase/impl/ChatServiceImpl.java:[23,8] cm.dolers.laine_deco.application.usecase.impl.ChatServiceImpl is not abstract and does not override abstract method updateConversationStatus(java.lang.Long,java.lang.String) in cm.dolers.laine_deco.application.usecase.ChatService
[ERROR] /C:/Users/HP ELITEBOOK/Documents/landry/laine_deco/src/main/java/cm/dolers/laine_deco/application/usecase/impl/ChatServiceImpl.java:[100,37] updateConversationStatus(java.lang.Long,java.lang.String) in cm.dolers.laine_deco.application.usecase.impl.ChatServiceImpl cannot implement updateConversationStatus(java.lang.Long,java.lang.String) in cm.dolers.laine_deco.application.usecase.ChatService
[ERROR]   return type cm.dolers.laine_deco.application.dto.ChatConversationResponse is not compatible with cm.dolers.laine_deco.application.dto.ChatMessageResponse
[ERROR] /C:/Users/HP ELITEBOOK/Documents/landry/laine_deco/src/main/java/cm/dolers/laine_deco/application/usecase/impl/ChatServiceImpl.java:[248,75] getUserConversations(java.lang.Long,org.springframework.data.domain.Pageable) in cm.dolers.laine_deco.application.usecase.impl.ChatServiceImpl cannot implement getUserConversations(java.lang.Long,org.springframework.data.domain.Pageable) in cm.dolers.laine_deco.application.usecase.ChatService
[ERROR]   return type org.springframework.data.domain.Page<cm.dolers.laine_deco.application.dto.ChatConversationResponse> is not compatible with org.springframework.data.domain.Page<cm.dolers.laine_deco.application.dto.ChatMessageResponse>
[ERROR] /C:/Users/HP ELITEBOOK/Documents/landry/laine_deco/src/main/java/cm/dolers/laine_deco/application/usecase/impl/ChatServiceImpl.java:[98,5] method does not override or implement a method from a supertype
[ERROR] /C:/Users/HP ELITEBOOK/Documents/landry/laine_deco/src/main/java/cm/dolers/laine_deco/application/usecase/impl/ChatServiceImpl.java:[247,5] method does not override or implement a method from a supertype
[ERROR] /C:/Users/HP ELITEBOOK/Documents/landry/laine_deco/src/main/java/cm/dolers/laine_deco/application/usecase/impl/CouponServiceImpl.java:[39,72] no suitable method found for valueOf(@jakarta.validation.constraints.NotNull(message="Le type est obligatoire") cm.dolers.laine_deco.domain.model.CouponType)
[ERROR]     method java.lang.Enum.<T>valueOf(java.lang.Class<T>,java.lang.String) is not applicable
[ERROR]       (cannot infer type-variable(s) T
[ERROR]         (actual and formal argument lists differ in length))
[ERROR]     method cm.dolers.laine_deco.domain.model.CouponType.valueOf(java.lang.String) is not applicable
[ERROR]       (argument mismatch; @jakarta.validation.constraints.NotNull(message="Le type est obligatoire") cm.dolers.laine_deco.domain.model.CouponType cannot be converted to java.lang.String)
[ERROR] /C:/Users/HP ELITEBOOK/Documents/landry/laine_deco/src/main/java/cm/dolers/laine_deco/application/usecase/impl/CouponServiceImpl.java:[95,68] no suitable method found for valueOf(@jakarta.validation.constraints.NotNull(message="Le type est obligatoire") cm.dolers.laine_deco.domain.model.CouponType)
[ERROR]     method java.lang.Enum.<T>valueOf(java.lang.Class<T>,java.lang.String) is not applicable
[ERROR]       (cannot infer type-variable(s) T
[ERROR]         (actual and formal argument lists differ in length))
[ERROR]     method cm.dolers.laine_deco.domain.model.CouponType.valueOf(java.lang.String) is not applicable
[ERROR]       (argument mismatch; @jakarta.validation.constraints.NotNull(message="Le type est obligatoire") cm.dolers.laine_deco.domain.model.CouponType cannot be converted to java.lang.String)
[ERROR] /C:/Users/HP ELITEBOOK/Documents/landry/laine_deco/src/main/java/cm/dolers/laine_deco/application/usecase/impl/KnittingPatternServiceImpl.java:[34,53] incompatible types: java.lang.String cannot be converted to cm.dolers.laine_deco.domain.model.SkillLevel
[ERROR] /C:/Users/HP ELITEBOOK/Documents/landry/laine_deco/src/main/java/cm/dolers/laine_deco/application/usecase/impl/KnittingPatternServiceImpl.java:[37,53] incompatible types: java.lang.Integer cannot be converted to java.lang.String
[ERROR] /C:/Users/HP ELITEBOOK/Documents/landry/laine_deco/src/main/java/cm/dolers/laine_deco/application/usecase/impl/KnittingPatternServiceImpl.java:[86,49] incompatible types: java.lang.String cannot be converted to cm.dolers.laine_deco.domain.model.SkillLevel
[ERROR] /C:/Users/HP ELITEBOOK/Documents/landry/laine_deco/src/main/java/cm/dolers/laine_deco/application/usecase/impl/KnittingPatternServiceImpl.java:[89,49] incompatible types: java.lang.Integer cannot be converted to java.lang.String
[ERROR] /C:/Users/HP ELITEBOOK/Documents/landry/laine_deco/src/main/java/cm/dolers/laine_deco/application/usecase/impl/WoolCalculatorServiceImpl.java:[50,26] incompatible types: java.lang.Integer cannot be converted to java.lang.Double
[ERROR] /C:/Users/HP ELITEBOOK/Documents/landry/laine_deco/src/main/java/cm/dolers/laine_deco/interfaces/rest/controller/AdminProductController.java:[99,38] constructor Response in class cm.dolers.laine_deco.interfaces.rest.controller.AdminProductController.Response cannot be applied to given types;
[ERROR]   required: no arguments
[ERROR]   found:    boolean,java.lang.String
[ERROR]   reason: actual and formal argument lists differ in length
[ERROR] /C:/Users/HP ELITEBOOK/Documents/landry/laine_deco/src/main/java/cm/dolers/laine_deco/interfaces/rest/controller/admin/AdminChatController.java:[80,33] incompatible types: inference variable T has incompatible bounds
[ERROR]     equality constraints: cm.dolers.laine_deco.application.dto.ChatConversationResponse
[ERROR]     lower bounds: cm.dolers.laine_deco.application.dto.ChatMessageResponse
[ERROR] /C:/Users/HP ELITEBOOK/Documents/landry/laine_deco/src/main/java/cm/dolers/laine_deco/interfaces/rest/controller/admin/AdminChatController.java:[87,33] incompatible types: inference variable T has incompatible bounds
[ERROR]     equality constraints: cm.dolers.laine_deco.application.dto.ChatConversationResponse
[ERROR]     lower bounds: cm.dolers.laine_deco.application.dto.ChatMessageResponse
[ERROR] -> [Help 1]
[ERROR] 
[ERROR] To see the full stack trace of the errors, re-run Maven with the -e switch.
[ERROR] Re-run Maven using the -X switch to enable full debug logging.
[ERROR] 
[ERROR] For more information about the errors and possible solutions, please read the following articles:
[ERROR] [Help 1] http://cwiki.apache.org/confluence/display/MAVEN/MojoFailureException
