cm\dolers\laine_deco\application\usecase\impl\FinanceServiceImpl.class
cm\dolers\laine_deco\application\usecase\impl\OrderServiceImpl.class
cm\dolers\laine_deco\application\usecase\impl\ChatServiceImpl.class
cm\dolers\laine_deco\application\usecase\impl\ReviewServiceImpl.class
cm\dolers\laine_deco\application\usecase\impl\CategoryServiceImpl.class
cm\dolers\laine_deco\domain\exception\OrderException.class
cm\dolers\laine_deco\domain\exception\ErrorCode.class
cm\dolers\laine_deco\interfaces\rest\exception\GlobalExceptionHandler.class
cm\dolers\laine_deco\application\usecase\impl\KnittingPatternServiceImpl.class
cm\dolers\laine_deco\application\usecase\impl\ClientProfileServiceImpl.class
cm\dolers\laine_deco\interfaces\rest\controller\AdminProductController.class
cm\dolers\laine_deco\application\usecase\impl\LoyaltyServiceImpl.class
cm\dolers\laine_deco\domain\exception\RoleException.class
cm\dolers\laine_deco\application\usecase\impl\BadgeServiceImpl.class
cm\dolers\laine_deco\domain\exception\UserException.class
cm\dolers\laine_deco\application\usecase\impl\ProductServiceImpl.class
cm\dolers\laine_deco\application\usecase\impl\WishlistServiceImpl.class
cm\dolers\laine_deco\application\usecase\impl\PaymentServiceImpl.class
cm\dolers\laine_deco\application\usecase\ProductServiceWithLombok.class
cm\dolers\laine_deco\application\usecase\impl\InvoiceServiceImpl.class
cm\dolers\laine_deco\interfaces\rest\controller\AdminProductController$Response.class
cm\dolers\laine_deco\application\usecase\impl\BlogPostServiceImpl.class
cm\dolers\laine_deco\application\usecase\impl\KnittingProjectServiceImpl.class
cm\dolers\laine_deco\application\usecase\impl\PromoEventServiceImpl.class
cm\dolers\laine_deco\application\usecase\impl\WoolCalculatorServiceImpl.class
cm\dolers\laine_deco\domain\exception\ReviewException.class
cm\dolers\laine_deco\application\usecase\impl\CommunityPostServiceImpl.class
cm\dolers\laine_deco\domain\exception\ValidationException.class
cm\dolers\laine_deco\domain\exception\ExpenseException.class
cm\dolers\laine_deco\domain\exception\ProductException.class
cm\dolers\laine_deco\application\usecase\impl\SiteConfigServiceImpl.class
cm\dolers\laine_deco\application\usecase\impl\UserServiceImpl.class
cm\dolers\laine_deco\application\usecase\impl\NotificationServiceImpl.class
cm\dolers\laine_deco\application\usecase\impl\RmaServiceImpl.class
cm\dolers\laine_deco\interfaces\rest\controller\admin\AdminProductController.class
cm\dolers\laine_deco\domain\exception\ApplicationException.class
cm\dolers\laine_deco\application\usecase\impl\CouponServiceImpl.class
