C:\Users\HP ELITEBOOK\Documents\landry\laine_deco\src\main\java\cm\dolers\laine_deco\application\dto\AuditLogResponse.java
C:\Users\HP ELITEBOOK\Documents\landry\laine_deco\src\main\java\cm\dolers\laine_deco\application\dto\AuthResult.java
C:\Users\HP ELITEBOOK\Documents\landry\laine_deco\src\main\java\cm\dolers\laine_deco\application\dto\BadgeResponse.java
C:\Users\HP ELITEBOOK\Documents\landry\laine_deco\src\main\java\cm\dolers\laine_deco\application\dto\BlogPostResponse.java
C:\Users\HP ELITEBOOK\Documents\landry\laine_deco\src\main\java\cm\dolers\laine_deco\application\dto\BrandWithCountResponse.java
C:\Users\HP ELITEBOOK\Documents\landry\laine_deco\src\main\java\cm\dolers\laine_deco\application\dto\CategoryResponse.java
C:\Users\HP ELITEBOOK\Documents\landry\laine_deco\src\main\java\cm\dolers\laine_deco\application\dto\CategoryRevenueResponse.java
C:\Users\HP ELITEBOOK\Documents\landry\laine_deco\src\main\java\cm\dolers\laine_deco\application\dto\CategoryWithCountResponse.java
C:\Users\HP ELITEBOOK\Documents\landry\laine_deco\src\main\java\cm\dolers\laine_deco\application\dto\ChatConversationResponse.java
C:\Users\HP ELITEBOOK\Documents\landry\laine_deco\src\main\java\cm\dolers\laine_deco\application\dto\ChatMessageResponse.java
C:\Users\HP ELITEBOOK\Documents\landry\laine_deco\src\main\java\cm\dolers\laine_deco\application\dto\ChatReplyNotificationRequest.java
C:\Users\HP ELITEBOOK\Documents\landry\laine_deco\src\main\java\cm\dolers\laine_deco\application\dto\ClientProfileResponse.java
C:\Users\HP ELITEBOOK\Documents\landry\laine_deco\src\main\java\cm\dolers\laine_deco\application\dto\CommunityCommentResponse.java
C:\Users\HP ELITEBOOK\Documents\landry\laine_deco\src\main\java\cm\dolers\laine_deco\application\dto\CommunityPostResponse.java
C:\Users\HP ELITEBOOK\Documents\landry\laine_deco\src\main\java\cm\dolers\laine_deco\application\dto\CouponAppliedResponse.java
C:\Users\HP ELITEBOOK\Documents\landry\laine_deco\src\main\java\cm\dolers\laine_deco\application\dto\CouponResponse.java
C:\Users\HP ELITEBOOK\Documents\landry\laine_deco\src\main\java\cm\dolers\laine_deco\application\dto\CreateAuditLogRequest.java
C:\Users\HP ELITEBOOK\Documents\landry\laine_deco\src\main\java\cm\dolers\laine_deco\application\dto\CreateBadgeRequest.java
C:\Users\HP ELITEBOOK\Documents\landry\laine_deco\src\main\java\cm\dolers\laine_deco\application\dto\CreateBlogPostRequest.java
C:\Users\HP ELITEBOOK\Documents\landry\laine_deco\src\main\java\cm\dolers\laine_deco\application\dto\CreateCategoryRequest.java
C:\Users\HP ELITEBOOK\Documents\landry\laine_deco\src\main\java\cm\dolers\laine_deco\application\dto\CreateChatMessageRequest.java
C:\Users\HP ELITEBOOK\Documents\landry\laine_deco\src\main\java\cm\dolers\laine_deco\application\dto\CreateClientProfileRequest.java
C:\Users\HP ELITEBOOK\Documents\landry\laine_deco\src\main\java\cm\dolers\laine_deco\application\dto\CreateCommunityPostRequest.java
C:\Users\HP ELITEBOOK\Documents\landry\laine_deco\src\main\java\cm\dolers\laine_deco\application\dto\CreateCouponRequest.java
C:\Users\HP ELITEBOOK\Documents\landry\laine_deco\src\main\java\cm\dolers\laine_deco\application\dto\CreateExpenseRequest.java
C:\Users\HP ELITEBOOK\Documents\landry\laine_deco\src\main\java\cm\dolers\laine_deco\application\dto\CreateFAQRequest.java
C:\Users\HP ELITEBOOK\Documents\landry\laine_deco\src\main\java\cm\dolers\laine_deco\application\dto\CreateInvoiceRequest.java
C:\Users\HP ELITEBOOK\Documents\landry\laine_deco\src\main\java\cm\dolers\laine_deco\application\dto\CreateKnittingPatternRequest.java
C:\Users\HP ELITEBOOK\Documents\landry\laine_deco\src\main\java\cm\dolers\laine_deco\application\dto\CreateKnittingProjectRequest.java
C:\Users\HP ELITEBOOK\Documents\landry\laine_deco\src\main\java\cm\dolers\laine_deco\application\dto\CreateLegalPageRequest.java
C:\Users\HP ELITEBOOK\Documents\landry\laine_deco\src\main\java\cm\dolers\laine_deco\application\dto\CreateMaintenanceGuideRequest.java
C:\Users\HP ELITEBOOK\Documents\landry\laine_deco\src\main\java\cm\dolers\laine_deco\application\dto\CreateNotificationRequest.java
C:\Users\HP ELITEBOOK\Documents\landry\laine_deco\src\main\java\cm\dolers\laine_deco\application\dto\CreateOrderRequest.java
C:\Users\HP ELITEBOOK\Documents\landry\laine_deco\src\main\java\cm\dolers\laine_deco\application\dto\CreatePaymentRequest.java
C:\Users\HP ELITEBOOK\Documents\landry\laine_deco\src\main\java\cm\dolers\laine_deco\application\dto\CreateProductPackRequest.java
C:\Users\HP ELITEBOOK\Documents\landry\laine_deco\src\main\java\cm\dolers\laine_deco\application\dto\CreateProductRequest.java
C:\Users\HP ELITEBOOK\Documents\landry\laine_deco\src\main\java\cm\dolers\laine_deco\application\dto\CreatePromoEventRequest.java
C:\Users\HP ELITEBOOK\Documents\landry\laine_deco\src\main\java\cm\dolers\laine_deco\application\dto\CreatePromotionRequest.java
C:\Users\HP ELITEBOOK\Documents\landry\laine_deco\src\main\java\cm\dolers\laine_deco\application\dto\CreateReviewRequest.java
C:\Users\HP ELITEBOOK\Documents\landry\laine_deco\src\main\java\cm\dolers\laine_deco\application\dto\CreateRmaRequest.java
C:\Users\HP ELITEBOOK\Documents\landry\laine_deco\src\main\java\cm\dolers\laine_deco\application\dto\CreateSystemNotificationRequest.java
C:\Users\HP ELITEBOOK\Documents\landry\laine_deco\src\main\java\cm\dolers\laine_deco\application\dto\CreateUserRequest.java
C:\Users\HP ELITEBOOK\Documents\landry\laine_deco\src\main\java\cm\dolers\laine_deco\application\dto\CreateWoolCalculatorRequest.java
C:\Users\HP ELITEBOOK\Documents\landry\laine_deco\src\main\java\cm\dolers\laine_deco\application\dto\DashboardStatsResponse.java
C:\Users\HP ELITEBOOK\Documents\landry\laine_deco\src\main\java\cm\dolers\laine_deco\application\dto\DeliveryInfoRequest.java
C:\Users\HP ELITEBOOK\Documents\landry\laine_deco\src\main\java\cm\dolers\laine_deco\application\dto\DeliveryInfoResponse.java
C:\Users\HP ELITEBOOK\Documents\landry\laine_deco\src\main\java\cm\dolers\laine_deco\application\dto\ExpenseByCategoryResponse.java
C:\Users\HP ELITEBOOK\Documents\landry\laine_deco\src\main\java\cm\dolers\laine_deco\application\dto\ExpenseBySupplierResponse.java
C:\Users\HP ELITEBOOK\Documents\landry\laine_deco\src\main\java\cm\dolers\laine_deco\application\dto\ExpenseResponse.java
C:\Users\HP ELITEBOOK\Documents\landry\laine_deco\src\main\java\cm\dolers\laine_deco\application\dto\ExpenseSummaryResponse.java
C:\Users\HP ELITEBOOK\Documents\landry\laine_deco\src\main\java\cm\dolers\laine_deco\application\dto\FAQResponse.java
C:\Users\HP ELITEBOOK\Documents\landry\laine_deco\src\main\java\cm\dolers\laine_deco\application\dto\InventoryHealthResponse.java
C:\Users\HP ELITEBOOK\Documents\landry\laine_deco\src\main\java\cm\dolers\laine_deco\application\dto\InvoiceResponse.java
C:\Users\HP ELITEBOOK\Documents\landry\laine_deco\src\main\java\cm\dolers\laine_deco\application\dto\KnittingPatternResponse.java
C:\Users\HP ELITEBOOK\Documents\landry\laine_deco\src\main\java\cm\dolers\laine_deco\application\dto\KnittingProjectResponse.java
C:\Users\HP ELITEBOOK\Documents\landry\laine_deco\src\main\java\cm\dolers\laine_deco\application\dto\LegalPageResponse.java
C:\Users\HP ELITEBOOK\Documents\landry\laine_deco\src\main\java\cm\dolers\laine_deco\application\dto\LoyaltyRedemptionResponse.java
C:\Users\HP ELITEBOOK\Documents\landry\laine_deco\src\main\java\cm\dolers\laine_deco\application\dto\MaintenanceGuideResponse.java
C:\Users\HP ELITEBOOK\Documents\landry\laine_deco\src\main\java\cm\dolers\laine_deco\application\dto\NewsletterSubscriptionResponse.java
C:\Users\HP ELITEBOOK\Documents\landry\laine_deco\src\main\java\cm\dolers\laine_deco\application\dto\NotificationResponse.java
C:\Users\HP ELITEBOOK\Documents\landry\laine_deco\src\main\java\cm\dolers\laine_deco\application\dto\OrderDetailResponse.java
C:\Users\HP ELITEBOOK\Documents\landry\laine_deco\src\main\java\cm\dolers\laine_deco\application\dto\OrderItemRequest.java
C:\Users\HP ELITEBOOK\Documents\landry\laine_deco\src\main\java\cm\dolers\laine_deco\application\dto\OrderResponse.java
C:\Users\HP ELITEBOOK\Documents\landry\laine_deco\src\main\java\cm\dolers\laine_deco\application\dto\OrderStatusChangeNotificationRequest.java
C:\Users\HP ELITEBOOK\Documents\landry\laine_deco\src\main\java\cm\dolers\laine_deco\application\dto\OrderTrackingResponse.java
C:\Users\HP ELITEBOOK\Documents\landry\laine_deco\src\main\java\cm\dolers\laine_deco\application\dto\PaymentResponse.java
C:\Users\HP ELITEBOOK\Documents\landry\laine_deco\src\main\java\cm\dolers\laine_deco\application\dto\ProductDetailResponse.java
C:\Users\HP ELITEBOOK\Documents\landry\laine_deco\src\main\java\cm\dolers\laine_deco\application\dto\ProductDetailWithSimilarsResponse.java
C:\Users\HP ELITEBOOK\Documents\landry\laine_deco\src\main\java\cm\dolers\laine_deco\application\dto\ProductFilterRequest.java
C:\Users\HP ELITEBOOK\Documents\landry\laine_deco\src\main\java\cm\dolers\laine_deco\application\dto\ProductPackItemDto.java
C:\Users\HP ELITEBOOK\Documents\landry\laine_deco\src\main\java\cm\dolers\laine_deco\application\dto\ProductPackResponse.java
C:\Users\HP ELITEBOOK\Documents\landry\laine_deco\src\main\java\cm\dolers\laine_deco\application\dto\ProductResponse.java
C:\Users\HP ELITEBOOK\Documents\landry\laine_deco\src\main\java\cm\dolers\laine_deco\application\dto\ProductSearchCriteria.java
C:\Users\HP ELITEBOOK\Documents\landry\laine_deco\src\main\java\cm\dolers\laine_deco\application\dto\ProfitAnalysisResponse.java
C:\Users\HP ELITEBOOK\Documents\landry\laine_deco\src\main\java\cm\dolers\laine_deco\application\dto\PromoEventResponse.java
C:\Users\HP ELITEBOOK\Documents\landry\laine_deco\src\main\java\cm\dolers\laine_deco\application\dto\PromotionResponse.java
C:\Users\HP ELITEBOOK\Documents\landry\laine_deco\src\main\java\cm\dolers\laine_deco\application\dto\RedeemRewardRequest.java
C:\Users\HP ELITEBOOK\Documents\landry\laine_deco\src\main\java\cm\dolers\laine_deco\application\dto\ReviewResponse.java
C:\Users\HP ELITEBOOK\Documents\landry\laine_deco\src\main\java\cm\dolers\laine_deco\application\dto\RmaResponse.java
C:\Users\HP ELITEBOOK\Documents\landry\laine_deco\src\main\java\cm\dolers\laine_deco\application\dto\SalesAnalyticsResponse.java
C:\Users\HP ELITEBOOK\Documents\landry\laine_deco\src\main\java\cm\dolers\laine_deco\application\dto\SidebarFiltersResponse.java
C:\Users\HP ELITEBOOK\Documents\landry\laine_deco\src\main\java\cm\dolers\laine_deco\application\dto\SiteConfigResponse.java
C:\Users\HP ELITEBOOK\Documents\landry\laine_deco\src\main\java\cm\dolers\laine_deco\application\dto\SubscribeNewsletterRequest.java
C:\Users\HP ELITEBOOK\Documents\landry\laine_deco\src\main\java\cm\dolers\laine_deco\application\dto\TopProductResponse.java
C:\Users\HP ELITEBOOK\Documents\landry\laine_deco\src\main\java\cm\dolers\laine_deco\application\dto\TranslatedResponse.java
C:\Users\HP ELITEBOOK\Documents\landry\laine_deco\src\main\java\cm\dolers\laine_deco\application\dto\UpdateLegalPageRequest.java
C:\Users\HP ELITEBOOK\Documents\landry\laine_deco\src\main\java\cm\dolers\laine_deco\application\dto\UpdateMaintenanceGuideRequest.java
C:\Users\HP ELITEBOOK\Documents\landry\laine_deco\src\main\java\cm\dolers\laine_deco\application\dto\UpdateProductPackRequest.java
C:\Users\HP ELITEBOOK\Documents\landry\laine_deco\src\main\java\cm\dolers\laine_deco\application\dto\UpdatePromoEventRequest.java
C:\Users\HP ELITEBOOK\Documents\landry\laine_deco\src\main\java\cm\dolers\laine_deco\application\dto\UpdateSiteConfigRequest.java
C:\Users\HP ELITEBOOK\Documents\landry\laine_deco\src\main\java\cm\dolers\laine_deco\application\dto\UserBadgeResponse.java
C:\Users\HP ELITEBOOK\Documents\landry\laine_deco\src\main\java\cm\dolers\laine_deco\application\dto\UserLoyaltyResponse.java
C:\Users\HP ELITEBOOK\Documents\landry\laine_deco\src\main\java\cm\dolers\laine_deco\application\dto\UserResponse.java
C:\Users\HP ELITEBOOK\Documents\landry\laine_deco\src\main\java\cm\dolers\laine_deco\application\dto\WishlistItemResponse.java
C:\Users\HP ELITEBOOK\Documents\landry\laine_deco\src\main\java\cm\dolers\laine_deco\application\dto\WoolCalculationRequest.java
C:\Users\HP ELITEBOOK\Documents\landry\laine_deco\src\main\java\cm\dolers\laine_deco\application\dto\WoolCalculationResponse.java
C:\Users\HP ELITEBOOK\Documents\landry\laine_deco\src\main\java\cm\dolers\laine_deco\application\dto\WoolCalculatorResponse.java
C:\Users\HP ELITEBOOK\Documents\landry\laine_deco\src\main\java\cm\dolers\laine_deco\application\mapper\AuditLogMapper.java
C:\Users\HP ELITEBOOK\Documents\landry\laine_deco\src\main\java\cm\dolers\laine_deco\application\mapper\BadgeMapper.java
C:\Users\HP ELITEBOOK\Documents\landry\laine_deco\src\main\java\cm\dolers\laine_deco\application\mapper\BlogPostMapper.java
C:\Users\HP ELITEBOOK\Documents\landry\laine_deco\src\main\java\cm\dolers\laine_deco\application\mapper\CategoryMapper.java
C:\Users\HP ELITEBOOK\Documents\landry\laine_deco\src\main\java\cm\dolers\laine_deco\application\mapper\ChatMapper.java
C:\Users\HP ELITEBOOK\Documents\landry\laine_deco\src\main\java\cm\dolers\laine_deco\application\mapper\ClientProfileMapper.java
C:\Users\HP ELITEBOOK\Documents\landry\laine_deco\src\main\java\cm\dolers\laine_deco\application\mapper\CommunityPostMapper.java
C:\Users\HP ELITEBOOK\Documents\landry\laine_deco\src\main\java\cm\dolers\laine_deco\application\mapper\CouponMapper.java
C:\Users\HP ELITEBOOK\Documents\landry\laine_deco\src\main\java\cm\dolers\laine_deco\application\mapper\ExpenseMapper.java
C:\Users\HP ELITEBOOK\Documents\landry\laine_deco\src\main\java\cm\dolers\laine_deco\application\mapper\FAQMapper.java
C:\Users\HP ELITEBOOK\Documents\landry\laine_deco\src\main\java\cm\dolers\laine_deco\application\mapper\impl\BadgeMapperImpl.java
C:\Users\HP ELITEBOOK\Documents\landry\laine_deco\src\main\java\cm\dolers\laine_deco\application\mapper\impl\BlogPostMapperImpl.java
C:\Users\HP ELITEBOOK\Documents\landry\laine_deco\src\main\java\cm\dolers\laine_deco\application\mapper\impl\CategoryMapperImpl.java
C:\Users\HP ELITEBOOK\Documents\landry\laine_deco\src\main\java\cm\dolers\laine_deco\application\mapper\impl\ChatMapperImpl.java
C:\Users\HP ELITEBOOK\Documents\landry\laine_deco\src\main\java\cm\dolers\laine_deco\application\mapper\impl\ClientProfileMapperImpl.java
C:\Users\HP ELITEBOOK\Documents\landry\laine_deco\src\main\java\cm\dolers\laine_deco\application\mapper\impl\CommunityPostMapperImpl.java
C:\Users\HP ELITEBOOK\Documents\landry\laine_deco\src\main\java\cm\dolers\laine_deco\application\mapper\impl\CouponMapperImpl.java
C:\Users\HP ELITEBOOK\Documents\landry\laine_deco\src\main\java\cm\dolers\laine_deco\application\mapper\impl\ExpenseMapperImpl.java
C:\Users\HP ELITEBOOK\Documents\landry\laine_deco\src\main\java\cm\dolers\laine_deco\application\mapper\impl\FAQMapperImpl.java
C:\Users\HP ELITEBOOK\Documents\landry\laine_deco\src\main\java\cm\dolers\laine_deco\application\mapper\impl\InvoiceMapperImpl.java
C:\Users\HP ELITEBOOK\Documents\landry\laine_deco\src\main\java\cm\dolers\laine_deco\application\mapper\impl\KnittingPatternMapperImpl.java
C:\Users\HP ELITEBOOK\Documents\landry\laine_deco\src\main\java\cm\dolers\laine_deco\application\mapper\impl\KnittingProjectMapperImpl.java
C:\Users\HP ELITEBOOK\Documents\landry\laine_deco\src\main\java\cm\dolers\laine_deco\application\mapper\impl\LegalPageMapperImpl.java
C:\Users\HP ELITEBOOK\Documents\landry\laine_deco\src\main\java\cm\dolers\laine_deco\application\mapper\impl\LoyaltyMapperImpl.java
C:\Users\HP ELITEBOOK\Documents\landry\laine_deco\src\main\java\cm\dolers\laine_deco\application\mapper\impl\MaintenanceGuideMapperImpl.java
C:\Users\HP ELITEBOOK\Documents\landry\laine_deco\src\main\java\cm\dolers\laine_deco\application\mapper\impl\NewsletterMapperImpl.java
C:\Users\HP ELITEBOOK\Documents\landry\laine_deco\src\main\java\cm\dolers\laine_deco\application\mapper\impl\NotificationMapperImpl.java
C:\Users\HP ELITEBOOK\Documents\landry\laine_deco\src\main\java\cm\dolers\laine_deco\application\mapper\impl\OrderMapperImpl.java
C:\Users\HP ELITEBOOK\Documents\landry\laine_deco\src\main\java\cm\dolers\laine_deco\application\mapper\impl\OrderTrackingMapperImpl.java
C:\Users\HP ELITEBOOK\Documents\landry\laine_deco\src\main\java\cm\dolers\laine_deco\application\mapper\impl\PaymentMapperImpl.java
C:\Users\HP ELITEBOOK\Documents\landry\laine_deco\src\main\java\cm\dolers\laine_deco\application\mapper\impl\ProductMapperImpl.java
C:\Users\HP ELITEBOOK\Documents\landry\laine_deco\src\main\java\cm\dolers\laine_deco\application\mapper\impl\ProductPackMapperImpl.java
C:\Users\HP ELITEBOOK\Documents\landry\laine_deco\src\main\java\cm\dolers\laine_deco\application\mapper\impl\PromoEventMapperImpl.java
C:\Users\HP ELITEBOOK\Documents\landry\laine_deco\src\main\java\cm\dolers\laine_deco\application\mapper\impl\PromotionMapperImpl.java
C:\Users\HP ELITEBOOK\Documents\landry\laine_deco\src\main\java\cm\dolers\laine_deco\application\mapper\impl\ReviewMapperImpl.java
C:\Users\HP ELITEBOOK\Documents\landry\laine_deco\src\main\java\cm\dolers\laine_deco\application\mapper\impl\RmaMapperImpl.java
C:\Users\HP ELITEBOOK\Documents\landry\laine_deco\src\main\java\cm\dolers\laine_deco\application\mapper\impl\SiteConfigMapperImpl.java
C:\Users\HP ELITEBOOK\Documents\landry\laine_deco\src\main\java\cm\dolers\laine_deco\application\mapper\impl\UserMapperImpl.java
C:\Users\HP ELITEBOOK\Documents\landry\laine_deco\src\main\java\cm\dolers\laine_deco\application\mapper\impl\WishlistMapperImpl.java
C:\Users\HP ELITEBOOK\Documents\landry\laine_deco\src\main\java\cm\dolers\laine_deco\application\mapper\impl\WoolCalculatorMapperImpl.java
C:\Users\HP ELITEBOOK\Documents\landry\laine_deco\src\main\java\cm\dolers\laine_deco\application\mapper\InvoiceMapper.java
C:\Users\HP ELITEBOOK\Documents\landry\laine_deco\src\main\java\cm\dolers\laine_deco\application\mapper\KnittingPatternMapper.java
C:\Users\HP ELITEBOOK\Documents\landry\laine_deco\src\main\java\cm\dolers\laine_deco\application\mapper\KnittingProjectMapper.java
C:\Users\HP ELITEBOOK\Documents\landry\laine_deco\src\main\java\cm\dolers\laine_deco\application\mapper\LegalPageMapper.java
C:\Users\HP ELITEBOOK\Documents\landry\laine_deco\src\main\java\cm\dolers\laine_deco\application\mapper\LoyaltyMapper.java
C:\Users\HP ELITEBOOK\Documents\landry\laine_deco\src\main\java\cm\dolers\laine_deco\application\mapper\MaintenanceGuideMapper.java
C:\Users\HP ELITEBOOK\Documents\landry\laine_deco\src\main\java\cm\dolers\laine_deco\application\mapper\NewsletterMapper.java
C:\Users\HP ELITEBOOK\Documents\landry\laine_deco\src\main\java\cm\dolers\laine_deco\application\mapper\NotificationMapper.java
C:\Users\HP ELITEBOOK\Documents\landry\laine_deco\src\main\java\cm\dolers\laine_deco\application\mapper\OrderMapper.java
C:\Users\HP ELITEBOOK\Documents\landry\laine_deco\src\main\java\cm\dolers\laine_deco\application\mapper\OrderTrackingMapper.java
C:\Users\HP ELITEBOOK\Documents\landry\laine_deco\src\main\java\cm\dolers\laine_deco\application\mapper\PaymentMapper.java
C:\Users\HP ELITEBOOK\Documents\landry\laine_deco\src\main\java\cm\dolers\laine_deco\application\mapper\ProductMapper.java
C:\Users\HP ELITEBOOK\Documents\landry\laine_deco\src\main\java\cm\dolers\laine_deco\application\mapper\ProductPackMapper.java
C:\Users\HP ELITEBOOK\Documents\landry\laine_deco\src\main\java\cm\dolers\laine_deco\application\mapper\PromoEventMapper.java
C:\Users\HP ELITEBOOK\Documents\landry\laine_deco\src\main\java\cm\dolers\laine_deco\application\mapper\PromotionMapper.java
C:\Users\HP ELITEBOOK\Documents\landry\laine_deco\src\main\java\cm\dolers\laine_deco\application\mapper\ReviewMapper.java
C:\Users\HP ELITEBOOK\Documents\landry\laine_deco\src\main\java\cm\dolers\laine_deco\application\mapper\RmaMapper.java
C:\Users\HP ELITEBOOK\Documents\landry\laine_deco\src\main\java\cm\dolers\laine_deco\application\mapper\SiteConfigMapper.java
C:\Users\HP ELITEBOOK\Documents\landry\laine_deco\src\main\java\cm\dolers\laine_deco\application\mapper\TranslationMapper.java
C:\Users\HP ELITEBOOK\Documents\landry\laine_deco\src\main\java\cm\dolers\laine_deco\application\mapper\UserMapper.java
C:\Users\HP ELITEBOOK\Documents\landry\laine_deco\src\main\java\cm\dolers\laine_deco\application\mapper\WishlistMapper.java
C:\Users\HP ELITEBOOK\Documents\landry\laine_deco\src\main\java\cm\dolers\laine_deco\application\mapper\WoolCalculatorMapper.java
C:\Users\HP ELITEBOOK\Documents\landry\laine_deco\src\main\java\cm\dolers\laine_deco\application\search\ProductSpecifications.java
C:\Users\HP ELITEBOOK\Documents\landry\laine_deco\src\main\java\cm\dolers\laine_deco\application\usecase\AuditService.java
C:\Users\HP ELITEBOOK\Documents\landry\laine_deco\src\main\java\cm\dolers\laine_deco\application\usecase\AuthApplicationService.java
C:\Users\HP ELITEBOOK\Documents\landry\laine_deco\src\main\java\cm\dolers\laine_deco\application\usecase\BadgeService.java
C:\Users\HP ELITEBOOK\Documents\landry\laine_deco\src\main\java\cm\dolers\laine_deco\application\usecase\BlogPostService.java
C:\Users\HP ELITEBOOK\Documents\landry\laine_deco\src\main\java\cm\dolers\laine_deco\application\usecase\CategoryService.java
C:\Users\HP ELITEBOOK\Documents\landry\laine_deco\src\main\java\cm\dolers\laine_deco\application\usecase\ChatService.java
C:\Users\HP ELITEBOOK\Documents\landry\laine_deco\src\main\java\cm\dolers\laine_deco\application\usecase\ClientProfileService.java
C:\Users\HP ELITEBOOK\Documents\landry\laine_deco\src\main\java\cm\dolers\laine_deco\application\usecase\CommunityPostService.java
C:\Users\HP ELITEBOOK\Documents\landry\laine_deco\src\main\java\cm\dolers\laine_deco\application\usecase\CouponService.java
C:\Users\HP ELITEBOOK\Documents\landry\laine_deco\src\main\java\cm\dolers\laine_deco\application\usecase\DashboardService.java
C:\Users\HP ELITEBOOK\Documents\landry\laine_deco\src\main\java\cm\dolers\laine_deco\application\usecase\ExpenseApplicationService.java
C:\Users\HP ELITEBOOK\Documents\landry\laine_deco\src\main\java\cm\dolers\laine_deco\application\usecase\FAQService.java
C:\Users\HP ELITEBOOK\Documents\landry\laine_deco\src\main\java\cm\dolers\laine_deco\application\usecase\FinanceService.java
C:\Users\HP ELITEBOOK\Documents\landry\laine_deco\src\main\java\cm\dolers\laine_deco\application\usecase\impl\AuditServiceImpl.java
C:\Users\HP ELITEBOOK\Documents\landry\laine_deco\src\main\java\cm\dolers\laine_deco\application\usecase\impl\BadgeServiceImpl.java
C:\Users\HP ELITEBOOK\Documents\landry\laine_deco\src\main\java\cm\dolers\laine_deco\application\usecase\impl\BlogPostServiceImpl.java
C:\Users\HP ELITEBOOK\Documents\landry\laine_deco\src\main\java\cm\dolers\laine_deco\application\usecase\impl\CategoryServiceImpl.java
C:\Users\HP ELITEBOOK\Documents\landry\laine_deco\src\main\java\cm\dolers\laine_deco\application\usecase\impl\ChatServiceImpl.java
C:\Users\HP ELITEBOOK\Documents\landry\laine_deco\src\main\java\cm\dolers\laine_deco\application\usecase\impl\ClientProfileServiceImpl.java
C:\Users\HP ELITEBOOK\Documents\landry\laine_deco\src\main\java\cm\dolers\laine_deco\application\usecase\impl\CommunityPostServiceImpl.java
C:\Users\HP ELITEBOOK\Documents\landry\laine_deco\src\main\java\cm\dolers\laine_deco\application\usecase\impl\CouponServiceImpl.java
C:\Users\HP ELITEBOOK\Documents\landry\laine_deco\src\main\java\cm\dolers\laine_deco\application\usecase\impl\DashboardServiceImpl.java
C:\Users\HP ELITEBOOK\Documents\landry\laine_deco\src\main\java\cm\dolers\laine_deco\application\usecase\impl\FAQServiceImpl.java
C:\Users\HP ELITEBOOK\Documents\landry\laine_deco\src\main\java\cm\dolers\laine_deco\application\usecase\impl\FinanceServiceImpl.java
C:\Users\HP ELITEBOOK\Documents\landry\laine_deco\src\main\java\cm\dolers\laine_deco\application\usecase\impl\InvoiceServiceImpl.java
C:\Users\HP ELITEBOOK\Documents\landry\laine_deco\src\main\java\cm\dolers\laine_deco\application\usecase\impl\KnittingPatternServiceImpl.java
C:\Users\HP ELITEBOOK\Documents\landry\laine_deco\src\main\java\cm\dolers\laine_deco\application\usecase\impl\KnittingProjectServiceImpl.java
C:\Users\HP ELITEBOOK\Documents\landry\laine_deco\src\main\java\cm\dolers\laine_deco\application\usecase\impl\LegalPageServiceImpl.java
C:\Users\HP ELITEBOOK\Documents\landry\laine_deco\src\main\java\cm\dolers\laine_deco\application\usecase\impl\LoyaltyServiceImpl.java
C:\Users\HP ELITEBOOK\Documents\landry\laine_deco\src\main\java\cm\dolers\laine_deco\application\usecase\impl\MaintenanceGuideServiceImpl.java
C:\Users\HP ELITEBOOK\Documents\landry\laine_deco\src\main\java\cm\dolers\laine_deco\application\usecase\impl\NewsletterServiceImpl.java
C:\Users\HP ELITEBOOK\Documents\landry\laine_deco\src\main\java\cm\dolers\laine_deco\application\usecase\impl\NotificationServiceImpl.java
C:\Users\HP ELITEBOOK\Documents\landry\laine_deco\src\main\java\cm\dolers\laine_deco\application\usecase\impl\OrderServiceImpl.java
C:\Users\HP ELITEBOOK\Documents\landry\laine_deco\src\main\java\cm\dolers\laine_deco\application\usecase\impl\OrderTrackingServiceImpl.java
C:\Users\HP ELITEBOOK\Documents\landry\laine_deco\src\main\java\cm\dolers\laine_deco\application\usecase\impl\PaymentServiceImpl.java
C:\Users\HP ELITEBOOK\Documents\landry\laine_deco\src\main\java\cm\dolers\laine_deco\application\usecase\impl\ProductFilterServiceImpl.java
C:\Users\HP ELITEBOOK\Documents\landry\laine_deco\src\main\java\cm\dolers\laine_deco\application\usecase\impl\ProductPackServiceImpl.java
C:\Users\HP ELITEBOOK\Documents\landry\laine_deco\src\main\java\cm\dolers\laine_deco\application\usecase\impl\ProductSearchServiceImpl.java
C:\Users\HP ELITEBOOK\Documents\landry\laine_deco\src\main\java\cm\dolers\laine_deco\application\usecase\impl\ProductServiceImpl.java
C:\Users\HP ELITEBOOK\Documents\landry\laine_deco\src\main\java\cm\dolers\laine_deco\application\usecase\impl\PromoEventServiceImpl.java
C:\Users\HP ELITEBOOK\Documents\landry\laine_deco\src\main\java\cm\dolers\laine_deco\application\usecase\impl\PromotionServiceImpl.java
C:\Users\HP ELITEBOOK\Documents\landry\laine_deco\src\main\java\cm\dolers\laine_deco\application\usecase\impl\ReviewServiceImpl.java
C:\Users\HP ELITEBOOK\Documents\landry\laine_deco\src\main\java\cm\dolers\laine_deco\application\usecase\impl\RmaServiceImpl.java
C:\Users\HP ELITEBOOK\Documents\landry\laine_deco\src\main\java\cm\dolers\laine_deco\application\usecase\impl\SidebarFiltersServiceImpl.java
C:\Users\HP ELITEBOOK\Documents\landry\laine_deco\src\main\java\cm\dolers\laine_deco\application\usecase\impl\SimilarProductsServiceImpl.java
C:\Users\HP ELITEBOOK\Documents\landry\laine_deco\src\main\java\cm\dolers\laine_deco\application\usecase\impl\SiteConfigServiceImpl.java
C:\Users\HP ELITEBOOK\Documents\landry\laine_deco\src\main\java\cm\dolers\laine_deco\application\usecase\impl\UserServiceImpl.java
C:\Users\HP ELITEBOOK\Documents\landry\laine_deco\src\main\java\cm\dolers\laine_deco\application\usecase\impl\WishlistServiceImpl.java
C:\Users\HP ELITEBOOK\Documents\landry\laine_deco\src\main\java\cm\dolers\laine_deco\application\usecase\impl\WoolCalculatorServiceImpl.java
C:\Users\HP ELITEBOOK\Documents\landry\laine_deco\src\main\java\cm\dolers\laine_deco\application\usecase\InvoiceService.java
C:\Users\HP ELITEBOOK\Documents\landry\laine_deco\src\main\java\cm\dolers\laine_deco\application\usecase\KnittingPatternService.java
C:\Users\HP ELITEBOOK\Documents\landry\laine_deco\src\main\java\cm\dolers\laine_deco\application\usecase\KnittingProjectService.java
C:\Users\HP ELITEBOOK\Documents\landry\laine_deco\src\main\java\cm\dolers\laine_deco\application\usecase\LegalPageService.java
C:\Users\HP ELITEBOOK\Documents\landry\laine_deco\src\main\java\cm\dolers\laine_deco\application\usecase\LoyaltyService.java
C:\Users\HP ELITEBOOK\Documents\landry\laine_deco\src\main\java\cm\dolers\laine_deco\application\usecase\MaintenanceGuideService.java
C:\Users\HP ELITEBOOK\Documents\landry\laine_deco\src\main\java\cm\dolers\laine_deco\application\usecase\NewsletterService.java
C:\Users\HP ELITEBOOK\Documents\landry\laine_deco\src\main\java\cm\dolers\laine_deco\application\usecase\NotificationService.java
C:\Users\HP ELITEBOOK\Documents\landry\laine_deco\src\main\java\cm\dolers\laine_deco\application\usecase\OrderService.java
C:\Users\HP ELITEBOOK\Documents\landry\laine_deco\src\main\java\cm\dolers\laine_deco\application\usecase\OrderTrackingService.java
C:\Users\HP ELITEBOOK\Documents\landry\laine_deco\src\main\java\cm\dolers\laine_deco\application\usecase\PaymentService.java
C:\Users\HP ELITEBOOK\Documents\landry\laine_deco\src\main\java\cm\dolers\laine_deco\application\usecase\ProductApplicationService.java
C:\Users\HP ELITEBOOK\Documents\landry\laine_deco\src\main\java\cm\dolers\laine_deco\application\usecase\ProductPackService.java
C:\Users\HP ELITEBOOK\Documents\landry\laine_deco\src\main\java\cm\dolers\laine_deco\application\usecase\ProductSearchService.java
C:\Users\HP ELITEBOOK\Documents\landry\laine_deco\src\main\java\cm\dolers\laine_deco\application\usecase\ProductService.java
C:\Users\HP ELITEBOOK\Documents\landry\laine_deco\src\main\java\cm\dolers\laine_deco\application\usecase\ProductServiceWithLombok.java
C:\Users\HP ELITEBOOK\Documents\landry\laine_deco\src\main\java\cm\dolers\laine_deco\application\usecase\PromoEventService.java
C:\Users\HP ELITEBOOK\Documents\landry\laine_deco\src\main\java\cm\dolers\laine_deco\application\usecase\PromotionService.java
C:\Users\HP ELITEBOOK\Documents\landry\laine_deco\src\main\java\cm\dolers\laine_deco\application\usecase\ReviewService.java
C:\Users\HP ELITEBOOK\Documents\landry\laine_deco\src\main\java\cm\dolers\laine_deco\application\usecase\RmaService.java
C:\Users\HP ELITEBOOK\Documents\landry\laine_deco\src\main\java\cm\dolers\laine_deco\application\usecase\SidebarFiltersService.java
C:\Users\HP ELITEBOOK\Documents\landry\laine_deco\src\main\java\cm\dolers\laine_deco\application\usecase\SimilarProductsService.java
C:\Users\HP ELITEBOOK\Documents\landry\laine_deco\src\main\java\cm\dolers\laine_deco\application\usecase\SiteConfigService.java
C:\Users\HP ELITEBOOK\Documents\landry\laine_deco\src\main\java\cm\dolers\laine_deco\application\usecase\UserService.java
C:\Users\HP ELITEBOOK\Documents\landry\laine_deco\src\main\java\cm\dolers\laine_deco\application\usecase\WishlistService.java
C:\Users\HP ELITEBOOK\Documents\landry\laine_deco\src\main\java\cm\dolers\laine_deco\application\usecase\WoolCalculatorService.java
C:\Users\HP ELITEBOOK\Documents\landry\laine_deco\src\main\java\cm\dolers\laine_deco\domain\exception\ApplicationException.java
C:\Users\HP ELITEBOOK\Documents\landry\laine_deco\src\main\java\cm\dolers\laine_deco\domain\exception\AuthException.java
C:\Users\HP ELITEBOOK\Documents\landry\laine_deco\src\main\java\cm\dolers\laine_deco\domain\exception\DomainException.java
C:\Users\HP ELITEBOOK\Documents\landry\laine_deco\src\main\java\cm\dolers\laine_deco\domain\exception\ErrorCode.java
C:\Users\HP ELITEBOOK\Documents\landry\laine_deco\src\main\java\cm\dolers\laine_deco\domain\exception\ExpenseException.java
C:\Users\HP ELITEBOOK\Documents\landry\laine_deco\src\main\java\cm\dolers\laine_deco\domain\exception\OrderException.java
C:\Users\HP ELITEBOOK\Documents\landry\laine_deco\src\main\java\cm\dolers\laine_deco\domain\exception\ProductException.java
C:\Users\HP ELITEBOOK\Documents\landry\laine_deco\src\main\java\cm\dolers\laine_deco\domain\exception\ReviewException.java
C:\Users\HP ELITEBOOK\Documents\landry\laine_deco\src\main\java\cm\dolers\laine_deco\domain\exception\RoleException.java
C:\Users\HP ELITEBOOK\Documents\landry\laine_deco\src\main\java\cm\dolers\laine_deco\domain\exception\UserException.java
C:\Users\HP ELITEBOOK\Documents\landry\laine_deco\src\main\java\cm\dolers\laine_deco\domain\exception\ValidationException.java
C:\Users\HP ELITEBOOK\Documents\landry\laine_deco\src\main\java\cm\dolers\laine_deco\domain\model\BadgeType.java
C:\Users\HP ELITEBOOK\Documents\landry\laine_deco\src\main\java\cm\dolers\laine_deco\domain\model\CartStatus.java
C:\Users\HP ELITEBOOK\Documents\landry\laine_deco\src\main\java\cm\dolers\laine_deco\domain\model\CouponType.java
C:\Users\HP ELITEBOOK\Documents\landry\laine_deco\src\main\java\cm\dolers\laine_deco\domain\model\ExpenseCategory.java
C:\Users\HP ELITEBOOK\Documents\landry\laine_deco\src\main\java\cm\dolers\laine_deco\domain\model\ExpenseStatus.java
C:\Users\HP ELITEBOOK\Documents\landry\laine_deco\src\main\java\cm\dolers\laine_deco\domain\model\LegalPageType.java
C:\Users\HP ELITEBOOK\Documents\landry\laine_deco\src\main\java\cm\dolers\laine_deco\domain\model\LoyaltyTier.java
C:\Users\HP ELITEBOOK\Documents\landry\laine_deco\src\main\java\cm\dolers\laine_deco\domain\model\NotificationType.java
C:\Users\HP ELITEBOOK\Documents\landry\laine_deco\src\main\java\cm\dolers\laine_deco\domain\model\OrderStatus.java
C:\Users\HP ELITEBOOK\Documents\landry\laine_deco\src\main\java\cm\dolers\laine_deco\domain\model\PackType.java
C:\Users\HP ELITEBOOK\Documents\landry\laine_deco\src\main\java\cm\dolers\laine_deco\domain\model\PaymentMethod.java
C:\Users\HP ELITEBOOK\Documents\landry\laine_deco\src\main\java\cm\dolers\laine_deco\domain\model\PromotionType.java
C:\Users\HP ELITEBOOK\Documents\landry\laine_deco\src\main\java\cm\dolers\laine_deco\domain\model\ReviewStatus.java
C:\Users\HP ELITEBOOK\Documents\landry\laine_deco\src\main\java\cm\dolers\laine_deco\domain\model\RewardType.java
C:\Users\HP ELITEBOOK\Documents\landry\laine_deco\src\main\java\cm\dolers\laine_deco\domain\model\RMAStatus.java
C:\Users\HP ELITEBOOK\Documents\landry\laine_deco\src\main\java\cm\dolers\laine_deco\domain\model\Role.java
C:\Users\HP ELITEBOOK\Documents\landry\laine_deco\src\main\java\cm\dolers\laine_deco\domain\model\SkillLevel.java
C:\Users\HP ELITEBOOK\Documents\landry\laine_deco\src\main\java\cm\dolers\laine_deco\domain\model\ThemePreference.java
C:\Users\HP ELITEBOOK\Documents\landry\laine_deco\src\main\java\cm\dolers\laine_deco\domain\service\ClientProfileService.java
C:\Users\HP ELITEBOOK\Documents\landry\laine_deco\src\main\java\cm\dolers\laine_deco\domain\service\UserRoleService.java
C:\Users\HP ELITEBOOK\Documents\landry\laine_deco\src\main\java\cm\dolers\laine_deco\infrastructure\config\aop\Auditable.java
C:\Users\HP ELITEBOOK\Documents\landry\laine_deco\src\main\java\cm\dolers\laine_deco\infrastructure\config\aop\AuditLoggingAspect.java
C:\Users\HP ELITEBOOK\Documents\landry\laine_deco\src\main\java\cm\dolers\laine_deco\infrastructure\config\PaginationConstants.java
C:\Users\HP ELITEBOOK\Documents\landry\laine_deco\src\main\java\cm\dolers\laine_deco\infrastructure\config\PromotionScheduledTasks.java
C:\Users\HP ELITEBOOK\Documents\landry\laine_deco\src\main\java\cm\dolers\laine_deco\infrastructure\config\RequestInfoExtractor.java
C:\Users\HP ELITEBOOK\Documents\landry\laine_deco\src\main\java\cm\dolers\laine_deco\infrastructure\config\SecurityConfig.java
C:\Users\HP ELITEBOOK\Documents\landry\laine_deco\src\main\java\cm\dolers\laine_deco\infrastructure\config\SwaggerConfig.java
C:\Users\HP ELITEBOOK\Documents\landry\laine_deco\src\main\java\cm\dolers\laine_deco\infrastructure\i18n\I18nConfiguration.java
C:\Users\HP ELITEBOOK\Documents\landry\laine_deco\src\main\java\cm\dolers\laine_deco\infrastructure\i18n\MessageService.java
C:\Users\HP ELITEBOOK\Documents\landry\laine_deco\src\main\java\cm\dolers\laine_deco\infrastructure\i18n\UserLanguageInterceptor.java
C:\Users\HP ELITEBOOK\Documents\landry\laine_deco\src\main\java\cm\dolers\laine_deco\infrastructure\persistence\entity\AbandonedCartEntity.java
C:\Users\HP ELITEBOOK\Documents\landry\laine_deco\src\main\java\cm\dolers\laine_deco\infrastructure\persistence\entity\AuditLogEntity.java
C:\Users\HP ELITEBOOK\Documents\landry\laine_deco\src\main\java\cm\dolers\laine_deco\infrastructure\persistence\entity\AuthProvider.java
C:\Users\HP ELITEBOOK\Documents\landry\laine_deco\src\main\java\cm\dolers\laine_deco\infrastructure\persistence\entity\AuthSessionEntity.java
C:\Users\HP ELITEBOOK\Documents\landry\laine_deco\src\main\java\cm\dolers\laine_deco\infrastructure\persistence\entity\BadgeEntity.java
C:\Users\HP ELITEBOOK\Documents\landry\laine_deco\src\main\java\cm\dolers\laine_deco\infrastructure\persistence\entity\BlogPostEntity.java
C:\Users\HP ELITEBOOK\Documents\landry\laine_deco\src\main\java\cm\dolers\laine_deco\infrastructure\persistence\entity\CategoryEntity.java
C:\Users\HP ELITEBOOK\Documents\landry\laine_deco\src\main\java\cm\dolers\laine_deco\infrastructure\persistence\entity\ChatMessageEntity.java
C:\Users\HP ELITEBOOK\Documents\landry\laine_deco\src\main\java\cm\dolers\laine_deco\infrastructure\persistence\entity\ClientProfileEntity.java
C:\Users\HP ELITEBOOK\Documents\landry\laine_deco\src\main\java\cm\dolers\laine_deco\infrastructure\persistence\entity\CommunityCommentEntity.java
C:\Users\HP ELITEBOOK\Documents\landry\laine_deco\src\main\java\cm\dolers\laine_deco\infrastructure\persistence\entity\CommunityPostEntity.java
C:\Users\HP ELITEBOOK\Documents\landry\laine_deco\src\main\java\cm\dolers\laine_deco\infrastructure\persistence\entity\ConversationEntity.java
C:\Users\HP ELITEBOOK\Documents\landry\laine_deco\src\main\java\cm\dolers\laine_deco\infrastructure\persistence\entity\CouponEntity.java
C:\Users\HP ELITEBOOK\Documents\landry\laine_deco\src\main\java\cm\dolers\laine_deco\infrastructure\persistence\entity\ExpenseCategoryEntity.java
C:\Users\HP ELITEBOOK\Documents\landry\laine_deco\src\main\java\cm\dolers\laine_deco\infrastructure\persistence\entity\ExpenseEntity.java
C:\Users\HP ELITEBOOK\Documents\landry\laine_deco\src\main\java\cm\dolers\laine_deco\infrastructure\persistence\entity\FAQEntity.java
C:\Users\HP ELITEBOOK\Documents\landry\laine_deco\src\main\java\cm\dolers\laine_deco\infrastructure\persistence\entity\InvoiceEntity.java
C:\Users\HP ELITEBOOK\Documents\landry\laine_deco\src\main\java\cm\dolers\laine_deco\infrastructure\persistence\entity\KnittingProjectEntity.java
C:\Users\HP ELITEBOOK\Documents\landry\laine_deco\src\main\java\cm\dolers\laine_deco\infrastructure\persistence\entity\LegalPageEntity.java
C:\Users\HP ELITEBOOK\Documents\landry\laine_deco\src\main\java\cm\dolers\laine_deco\infrastructure\persistence\entity\LoginLogEntity.java
C:\Users\HP ELITEBOOK\Documents\landry\laine_deco\src\main\java\cm\dolers\laine_deco\infrastructure\persistence\entity\LoyaltyRedemption.java
C:\Users\HP ELITEBOOK\Documents\landry\laine_deco\src\main\java\cm\dolers\laine_deco\infrastructure\persistence\entity\MaintenanceGuideEntity.java
C:\Users\HP ELITEBOOK\Documents\landry\laine_deco\src\main\java\cm\dolers\laine_deco\infrastructure\persistence\entity\NewsletterSubscriberEntity.java
C:\Users\HP ELITEBOOK\Documents\landry\laine_deco\src\main\java\cm\dolers\laine_deco\infrastructure\persistence\entity\NewsletterSubscriptionEntity.java
C:\Users\HP ELITEBOOK\Documents\landry\laine_deco\src\main\java\cm\dolers\laine_deco\infrastructure\persistence\entity\NotificationEntity.java
C:\Users\HP ELITEBOOK\Documents\landry\laine_deco\src\main\java\cm\dolers\laine_deco\infrastructure\persistence\entity\OrderDetailEntity.java
C:\Users\HP ELITEBOOK\Documents\landry\laine_deco\src\main\java\cm\dolers\laine_deco\infrastructure\persistence\entity\OrderEntity.java
C:\Users\HP ELITEBOOK\Documents\landry\laine_deco\src\main\java\cm\dolers\laine_deco\infrastructure\persistence\entity\OrderStatusHistoryEntity.java
C:\Users\HP ELITEBOOK\Documents\landry\laine_deco\src\main\java\cm\dolers\laine_deco\infrastructure\persistence\entity\PasswordResetTokenEntity.java
C:\Users\HP ELITEBOOK\Documents\landry\laine_deco\src\main\java\cm\dolers\laine_deco\infrastructure\persistence\entity\PatternEntity.java
C:\Users\HP ELITEBOOK\Documents\landry\laine_deco\src\main\java\cm\dolers\laine_deco\infrastructure\persistence\entity\PaymentEntity.java
C:\Users\HP ELITEBOOK\Documents\landry\laine_deco\src\main\java\cm\dolers\laine_deco\infrastructure\persistence\entity\ProductEntity.java
C:\Users\HP ELITEBOOK\Documents\landry\laine_deco\src\main\java\cm\dolers\laine_deco\infrastructure\persistence\entity\ProductPackEntity.java
C:\Users\HP ELITEBOOK\Documents\landry\laine_deco\src\main\java\cm\dolers\laine_deco\infrastructure\persistence\entity\ProductPackProductEntity.java
C:\Users\HP ELITEBOOK\Documents\landry\laine_deco\src\main\java\cm\dolers\laine_deco\infrastructure\persistence\entity\PromoEventEntity.java
C:\Users\HP ELITEBOOK\Documents\landry\laine_deco\src\main\java\cm\dolers\laine_deco\infrastructure\persistence\entity\PromotionEntity.java
C:\Users\HP ELITEBOOK\Documents\landry\laine_deco\src\main\java\cm\dolers\laine_deco\infrastructure\persistence\entity\RequestLogEntity.java
C:\Users\HP ELITEBOOK\Documents\landry\laine_deco\src\main\java\cm\dolers\laine_deco\infrastructure\persistence\entity\ReviewEntity.java
C:\Users\HP ELITEBOOK\Documents\landry\laine_deco\src\main\java\cm\dolers\laine_deco\infrastructure\persistence\entity\RMAEntity.java
C:\Users\HP ELITEBOOK\Documents\landry\laine_deco\src\main\java\cm\dolers\laine_deco\infrastructure\persistence\entity\SaleEntity.java
C:\Users\HP ELITEBOOK\Documents\landry\laine_deco\src\main\java\cm\dolers\laine_deco\infrastructure\persistence\entity\SiteConfigEntity.java
C:\Users\HP ELITEBOOK\Documents\landry\laine_deco\src\main\java\cm\dolers\laine_deco\infrastructure\persistence\entity\UserBadge.java
C:\Users\HP ELITEBOOK\Documents\landry\laine_deco\src\main\java\cm\dolers\laine_deco\infrastructure\persistence\entity\UserEntity.java
C:\Users\HP ELITEBOOK\Documents\landry\laine_deco\src\main\java\cm\dolers\laine_deco\infrastructure\persistence\entity\UserLoyaltyProfile.java
C:\Users\HP ELITEBOOK\Documents\landry\laine_deco\src\main\java\cm\dolers\laine_deco\infrastructure\persistence\entity\UserRoleEntity.java
C:\Users\HP ELITEBOOK\Documents\landry\laine_deco\src\main\java\cm\dolers\laine_deco\infrastructure\persistence\entity\VolumeCalculationEntity.java
C:\Users\HP ELITEBOOK\Documents\landry\laine_deco\src\main\java\cm\dolers\laine_deco\infrastructure\persistence\entity\WishlistEntity.java
C:\Users\HP ELITEBOOK\Documents\landry\laine_deco\src\main\java\cm\dolers\laine_deco\infrastructure\persistence\entity\WoolCalculationEntity.java
C:\Users\HP ELITEBOOK\Documents\landry\laine_deco\src\main\java\cm\dolers\laine_deco\infrastructure\persistence\repository\AuditLogRepository.java
C:\Users\HP ELITEBOOK\Documents\landry\laine_deco\src\main\java\cm\dolers\laine_deco\infrastructure\persistence\repository\AuthSessionJpaRepository.java
C:\Users\HP ELITEBOOK\Documents\landry\laine_deco\src\main\java\cm\dolers\laine_deco\infrastructure\persistence\repository\BadgeJpaRepository.java
C:\Users\HP ELITEBOOK\Documents\landry\laine_deco\src\main\java\cm\dolers\laine_deco\infrastructure\persistence\repository\BlogPostJpaRepository.java
C:\Users\HP ELITEBOOK\Documents\landry\laine_deco\src\main\java\cm\dolers\laine_deco\infrastructure\persistence\repository\BrandWithCountRepository.java
C:\Users\HP ELITEBOOK\Documents\landry\laine_deco\src\main\java\cm\dolers\laine_deco\infrastructure\persistence\repository\CategoryJpaRepository.java
C:\Users\HP ELITEBOOK\Documents\landry\laine_deco\src\main\java\cm\dolers\laine_deco\infrastructure\persistence\repository\CategoryWithCountRepository.java
C:\Users\HP ELITEBOOK\Documents\landry\laine_deco\src\main\java\cm\dolers\laine_deco\infrastructure\persistence\repository\ChatMessageJpaRepository.java
C:\Users\HP ELITEBOOK\Documents\landry\laine_deco\src\main\java\cm\dolers\laine_deco\infrastructure\persistence\repository\ClientProfileJpaRepository.java
C:\Users\HP ELITEBOOK\Documents\landry\laine_deco\src\main\java\cm\dolers\laine_deco\infrastructure\persistence\repository\CommunityCommentJpaRepository.java
C:\Users\HP ELITEBOOK\Documents\landry\laine_deco\src\main\java\cm\dolers\laine_deco\infrastructure\persistence\repository\CommunityPostJpaRepository.java
C:\Users\HP ELITEBOOK\Documents\landry\laine_deco\src\main\java\cm\dolers\laine_deco\infrastructure\persistence\repository\ConversationJpaRepository.java
C:\Users\HP ELITEBOOK\Documents\landry\laine_deco\src\main\java\cm\dolers\laine_deco\infrastructure\persistence\repository\CouponJpaRepository.java
C:\Users\HP ELITEBOOK\Documents\landry\laine_deco\src\main\java\cm\dolers\laine_deco\infrastructure\persistence\repository\ExpenseCategoryJpaRepository.java
C:\Users\HP ELITEBOOK\Documents\landry\laine_deco\src\main\java\cm\dolers\laine_deco\infrastructure\persistence\repository\ExpenseJpaRepository.java
C:\Users\HP ELITEBOOK\Documents\landry\laine_deco\src\main\java\cm\dolers\laine_deco\infrastructure\persistence\repository\FAQRepository.java
C:\Users\HP ELITEBOOK\Documents\landry\laine_deco\src\main\java\cm\dolers\laine_deco\infrastructure\persistence\repository\InvoiceJpaRepository.java
C:\Users\HP ELITEBOOK\Documents\landry\laine_deco\src\main\java\cm\dolers\laine_deco\infrastructure\persistence\repository\KnittingProjectJpaRepository.java
C:\Users\HP ELITEBOOK\Documents\landry\laine_deco\src\main\java\cm\dolers\laine_deco\infrastructure\persistence\repository\LegalPageRepository.java
C:\Users\HP ELITEBOOK\Documents\landry\laine_deco\src\main\java\cm\dolers\laine_deco\infrastructure\persistence\repository\LoyaltyRedemptionRepository.java
C:\Users\HP ELITEBOOK\Documents\landry\laine_deco\src\main\java\cm\dolers\laine_deco\infrastructure\persistence\repository\MaintenanceGuideJpaRepository.java
C:\Users\HP ELITEBOOK\Documents\landry\laine_deco\src\main\java\cm\dolers\laine_deco\infrastructure\persistence\repository\MaintenanceGuideRepository.java
C:\Users\HP ELITEBOOK\Documents\landry\laine_deco\src\main\java\cm\dolers\laine_deco\infrastructure\persistence\repository\NewsletterSubscriptionRepository.java
C:\Users\HP ELITEBOOK\Documents\landry\laine_deco\src\main\java\cm\dolers\laine_deco\infrastructure\persistence\repository\NotificationJpaRepository.java
C:\Users\HP ELITEBOOK\Documents\landry\laine_deco\src\main\java\cm\dolers\laine_deco\infrastructure\persistence\repository\OrderDetailJpaRepository.java
C:\Users\HP ELITEBOOK\Documents\landry\laine_deco\src\main\java\cm\dolers\laine_deco\infrastructure\persistence\repository\OrderJpaRepository.java
C:\Users\HP ELITEBOOK\Documents\landry\laine_deco\src\main\java\cm\dolers\laine_deco\infrastructure\persistence\repository\OrderStatusHistoryRepository.java
C:\Users\HP ELITEBOOK\Documents\landry\laine_deco\src\main\java\cm\dolers\laine_deco\infrastructure\persistence\repository\PasswordResetTokenJpaRepository.java
C:\Users\HP ELITEBOOK\Documents\landry\laine_deco\src\main\java\cm\dolers\laine_deco\infrastructure\persistence\repository\PatternJpaRepository.java
C:\Users\HP ELITEBOOK\Documents\landry\laine_deco\src\main\java\cm\dolers\laine_deco\infrastructure\persistence\repository\PaymentJpaRepository.java
C:\Users\HP ELITEBOOK\Documents\landry\laine_deco\src\main\java\cm\dolers\laine_deco\infrastructure\persistence\repository\ProductJpaRepository.java
C:\Users\HP ELITEBOOK\Documents\landry\laine_deco\src\main\java\cm\dolers\laine_deco\infrastructure\persistence\repository\ProductPackRepository.java
C:\Users\HP ELITEBOOK\Documents\landry\laine_deco\src\main\java\cm\dolers\laine_deco\infrastructure\persistence\repository\PromoEventJpaRepository.java
C:\Users\HP ELITEBOOK\Documents\landry\laine_deco\src\main\java\cm\dolers\laine_deco\infrastructure\persistence\repository\PromotionRepository.java
C:\Users\HP ELITEBOOK\Documents\landry\laine_deco\src\main\java\cm\dolers\laine_deco\infrastructure\persistence\repository\ReviewJpaRepository.java
C:\Users\HP ELITEBOOK\Documents\landry\laine_deco\src\main\java\cm\dolers\laine_deco\infrastructure\persistence\repository\RMAJpaRepository.java
C:\Users\HP ELITEBOOK\Documents\landry\laine_deco\src\main\java\cm\dolers\laine_deco\infrastructure\persistence\repository\SaleJpaRepository.java
C:\Users\HP ELITEBOOK\Documents\landry\laine_deco\src\main\java\cm\dolers\laine_deco\infrastructure\persistence\repository\SiteConfigJpaRepository.java
C:\Users\HP ELITEBOOK\Documents\landry\laine_deco\src\main\java\cm\dolers\laine_deco\infrastructure\persistence\repository\UserBadgeRepository.java
C:\Users\HP ELITEBOOK\Documents\landry\laine_deco\src\main\java\cm\dolers\laine_deco\infrastructure\persistence\repository\UserJpaRepository.java
C:\Users\HP ELITEBOOK\Documents\landry\laine_deco\src\main\java\cm\dolers\laine_deco\infrastructure\persistence\repository\UserLoyaltyProfileRepository.java
C:\Users\HP ELITEBOOK\Documents\landry\laine_deco\src\main\java\cm\dolers\laine_deco\infrastructure\persistence\repository\UserRoleJpaRepository.java
C:\Users\HP ELITEBOOK\Documents\landry\laine_deco\src\main\java\cm\dolers\laine_deco\infrastructure\persistence\repository\WishlistJpaRepository.java
C:\Users\HP ELITEBOOK\Documents\landry\laine_deco\src\main\java\cm\dolers\laine_deco\infrastructure\persistence\repository\WoolCalculationJpaRepository.java
C:\Users\HP ELITEBOOK\Documents\landry\laine_deco\src\main\java\cm\dolers\laine_deco\infrastructure\persistence\seeder\AuditLogSeeder.java
C:\Users\HP ELITEBOOK\Documents\landry\laine_deco\src\main\java\cm\dolers\laine_deco\infrastructure\security\AuthenticatedUser.java
C:\Users\HP ELITEBOOK\Documents\landry\laine_deco\src\main\java\cm\dolers\laine_deco\infrastructure\security\AuthTokenFilter.java
C:\Users\HP ELITEBOOK\Documents\landry\laine_deco\src\main\java\cm\dolers\laine_deco\infrastructure\security\RoleGrantedAuthority.java
C:\Users\HP ELITEBOOK\Documents\landry\laine_deco\src\main\java\cm\dolers\laine_deco\interfaces\rest\AdminFAQController.java
C:\Users\HP ELITEBOOK\Documents\landry\laine_deco\src\main\java\cm\dolers\laine_deco\interfaces\rest\AdminLegalPageController.java
C:\Users\HP ELITEBOOK\Documents\landry\laine_deco\src\main\java\cm\dolers\laine_deco\interfaces\rest\AdminMaintenanceGuideController.java
C:\Users\HP ELITEBOOK\Documents\landry\laine_deco\src\main\java\cm\dolers\laine_deco\interfaces\rest\AdminNewsletterController.java
C:\Users\HP ELITEBOOK\Documents\landry\laine_deco\src\main\java\cm\dolers\laine_deco\interfaces\rest\AdminProductPackController.java
C:\Users\HP ELITEBOOK\Documents\landry\laine_deco\src\main\java\cm\dolers\laine_deco\interfaces\rest\AdminPromotionController.java
C:\Users\HP ELITEBOOK\Documents\landry\laine_deco\src\main\java\cm\dolers\laine_deco\interfaces\rest\controller\admin\AdminAdditionalController.java
C:\Users\HP ELITEBOOK\Documents\landry\laine_deco\src\main\java\cm\dolers\laine_deco\interfaces\rest\controller\admin\AdminAuditLogController.java
C:\Users\HP ELITEBOOK\Documents\landry\laine_deco\src\main\java\cm\dolers\laine_deco\interfaces\rest\controller\admin\AdminBadgeController.java
C:\Users\HP ELITEBOOK\Documents\landry\laine_deco\src\main\java\cm\dolers\laine_deco\interfaces\rest\controller\admin\AdminBlogPostController.java
C:\Users\HP ELITEBOOK\Documents\landry\laine_deco\src\main\java\cm\dolers\laine_deco\interfaces\rest\controller\admin\AdminCategoryController.java
C:\Users\HP ELITEBOOK\Documents\landry\laine_deco\src\main\java\cm\dolers\laine_deco\interfaces\rest\controller\admin\AdminChatController.java
C:\Users\HP ELITEBOOK\Documents\landry\laine_deco\src\main\java\cm\dolers\laine_deco\interfaces\rest\controller\admin\AdminCommunityPostController.java
C:\Users\HP ELITEBOOK\Documents\landry\laine_deco\src\main\java\cm\dolers\laine_deco\interfaces\rest\controller\admin\AdminCouponController.java
C:\Users\HP ELITEBOOK\Documents\landry\laine_deco\src\main\java\cm\dolers\laine_deco\interfaces\rest\controller\admin\AdminDashboardController.java
C:\Users\HP ELITEBOOK\Documents\landry\laine_deco\src\main\java\cm\dolers\laine_deco\interfaces\rest\controller\admin\AdminFinanceController.java
C:\Users\HP ELITEBOOK\Documents\landry\laine_deco\src\main\java\cm\dolers\laine_deco\interfaces\rest\controller\admin\AdminInvoiceController.java
C:\Users\HP ELITEBOOK\Documents\landry\laine_deco\src\main\java\cm\dolers\laine_deco\interfaces\rest\controller\admin\AdminKnittingPatternController.java
C:\Users\HP ELITEBOOK\Documents\landry\laine_deco\src\main\java\cm\dolers\laine_deco\interfaces\rest\controller\admin\AdminLoyaltyController.java
C:\Users\HP ELITEBOOK\Documents\landry\laine_deco\src\main\java\cm\dolers\laine_deco\interfaces\rest\controller\admin\AdminNotificationController.java
C:\Users\HP ELITEBOOK\Documents\landry\laine_deco\src\main\java\cm\dolers\laine_deco\interfaces\rest\controller\admin\AdminOrderController.java
C:\Users\HP ELITEBOOK\Documents\landry\laine_deco\src\main\java\cm\dolers\laine_deco\interfaces\rest\controller\admin\AdminPaymentController.java
C:\Users\HP ELITEBOOK\Documents\landry\laine_deco\src\main\java\cm\dolers\laine_deco\interfaces\rest\controller\admin\AdminProductController.java
C:\Users\HP ELITEBOOK\Documents\landry\laine_deco\src\main\java\cm\dolers\laine_deco\interfaces\rest\controller\admin\AdminProductSearchController.java
C:\Users\HP ELITEBOOK\Documents\landry\laine_deco\src\main\java\cm\dolers\laine_deco\interfaces\rest\controller\admin\AdminPromoEventController.java
C:\Users\HP ELITEBOOK\Documents\landry\laine_deco\src\main\java\cm\dolers\laine_deco\interfaces\rest\controller\admin\AdminReviewController.java
C:\Users\HP ELITEBOOK\Documents\landry\laine_deco\src\main\java\cm\dolers\laine_deco\interfaces\rest\controller\admin\AdminRmaController.java
C:\Users\HP ELITEBOOK\Documents\landry\laine_deco\src\main\java\cm\dolers\laine_deco\interfaces\rest\controller\admin\AdminSiteConfigController.java
C:\Users\HP ELITEBOOK\Documents\landry\laine_deco\src\main\java\cm\dolers\laine_deco\interfaces\rest\controller\admin\AdminUserController.java
C:\Users\HP ELITEBOOK\Documents\landry\laine_deco\src\main\java\cm\dolers\laine_deco\interfaces\rest\controller\AdminProductController.java
C:\Users\HP ELITEBOOK\Documents\landry\laine_deco\src\main\java\cm\dolers\laine_deco\interfaces\rest\controller\AuthController.java
C:\Users\HP ELITEBOOK\Documents\landry\laine_deco\src\main\java\cm\dolers\laine_deco\interfaces\rest\controller\client\ClientBadgeController.java
C:\Users\HP ELITEBOOK\Documents\landry\laine_deco\src\main\java\cm\dolers\laine_deco\interfaces\rest\controller\client\ClientChatController.java
C:\Users\HP ELITEBOOK\Documents\landry\laine_deco\src\main\java\cm\dolers\laine_deco\interfaces\rest\controller\client\ClientCommunityPostController.java
C:\Users\HP ELITEBOOK\Documents\landry\laine_deco\src\main\java\cm\dolers\laine_deco\interfaces\rest\controller\client\ClientKnittingProjectController.java
C:\Users\HP ELITEBOOK\Documents\landry\laine_deco\src\main\java\cm\dolers\laine_deco\interfaces\rest\controller\client\ClientLoyaltyController.java
C:\Users\HP ELITEBOOK\Documents\landry\laine_deco\src\main\java\cm\dolers\laine_deco\interfaces\rest\controller\client\ClientNotificationController.java
C:\Users\HP ELITEBOOK\Documents\landry\laine_deco\src\main\java\cm\dolers\laine_deco\interfaces\rest\controller\client\ClientOrderController.java
C:\Users\HP ELITEBOOK\Documents\landry\laine_deco\src\main\java\cm\dolers\laine_deco\interfaces\rest\controller\client\ClientPaymentController.java
C:\Users\HP ELITEBOOK\Documents\landry\laine_deco\src\main\java\cm\dolers\laine_deco\interfaces\rest\controller\client\ClientProductController.java
C:\Users\HP ELITEBOOK\Documents\landry\laine_deco\src\main\java\cm\dolers\laine_deco\interfaces\rest\controller\client\ClientProfileController.java
C:\Users\HP ELITEBOOK\Documents\landry\laine_deco\src\main\java\cm\dolers\laine_deco\interfaces\rest\controller\client\ClientReviewController.java
C:\Users\HP ELITEBOOK\Documents\landry\laine_deco\src\main\java\cm\dolers\laine_deco\interfaces\rest\controller\client\ClientRmaController.java
C:\Users\HP ELITEBOOK\Documents\landry\laine_deco\src\main\java\cm\dolers\laine_deco\interfaces\rest\controller\client\ClientWishlistController.java
C:\Users\HP ELITEBOOK\Documents\landry\laine_deco\src\main\java\cm\dolers\laine_deco\interfaces\rest\controller\client\ClientWoolCalculatorController.java
C:\Users\HP ELITEBOOK\Documents\landry\laine_deco\src\main\java\cm\dolers\laine_deco\interfaces\rest\controller\ExpenseController.java
C:\Users\HP ELITEBOOK\Documents\landry\laine_deco\src\main\java\cm\dolers\laine_deco\interfaces\rest\controller\ProductController.java
C:\Users\HP ELITEBOOK\Documents\landry\laine_deco\src\main\java\cm\dolers\laine_deco\interfaces\rest\controller\public_api\PublicBadgeController.java
C:\Users\HP ELITEBOOK\Documents\landry\laine_deco\src\main\java\cm\dolers\laine_deco\interfaces\rest\controller\public_api\PublicBlogPostController.java
C:\Users\HP ELITEBOOK\Documents\landry\laine_deco\src\main\java\cm\dolers\laine_deco\interfaces\rest\controller\public_api\PublicCategoryController.java
C:\Users\HP ELITEBOOK\Documents\landry\laine_deco\src\main\java\cm\dolers\laine_deco\interfaces\rest\controller\public_api\PublicCommunityPostController.java
C:\Users\HP ELITEBOOK\Documents\landry\laine_deco\src\main\java\cm\dolers\laine_deco\interfaces\rest\controller\public_api\PublicCouponController.java
C:\Users\HP ELITEBOOK\Documents\landry\laine_deco\src\main\java\cm\dolers\laine_deco\interfaces\rest\controller\public_api\PublicKnittingPatternController.java
C:\Users\HP ELITEBOOK\Documents\landry\laine_deco\src\main\java\cm\dolers\laine_deco\interfaces\rest\controller\public_api\PublicOrderController.java
C:\Users\HP ELITEBOOK\Documents\landry\laine_deco\src\main\java\cm\dolers\laine_deco\interfaces\rest\controller\public_api\PublicProductSearchController.java
C:\Users\HP ELITEBOOK\Documents\landry\laine_deco\src\main\java\cm\dolers\laine_deco\interfaces\rest\controller\public_api\PublicPromoEventController.java
C:\Users\HP ELITEBOOK\Documents\landry\laine_deco\src\main\java\cm\dolers\laine_deco\interfaces\rest\controller\PublicProductController.java
C:\Users\HP ELITEBOOK\Documents\landry\laine_deco\src\main\java\cm\dolers\laine_deco\interfaces\rest\exception\ApiErrorResponse.java
C:\Users\HP ELITEBOOK\Documents\landry\laine_deco\src\main\java\cm\dolers\laine_deco\interfaces\rest\exception\GlobalExceptionHandler.java
C:\Users\HP ELITEBOOK\Documents\landry\laine_deco\src\main\java\cm\dolers\laine_deco\interfaces\rest\PublicFAQController.java
C:\Users\HP ELITEBOOK\Documents\landry\laine_deco\src\main\java\cm\dolers\laine_deco\interfaces\rest\PublicLegalPageController.java
C:\Users\HP ELITEBOOK\Documents\landry\laine_deco\src\main\java\cm\dolers\laine_deco\interfaces\rest\PublicMaintenanceGuideController.java
C:\Users\HP ELITEBOOK\Documents\landry\laine_deco\src\main\java\cm\dolers\laine_deco\interfaces\rest\PublicNewsletterController.java
C:\Users\HP ELITEBOOK\Documents\landry\laine_deco\src\main\java\cm\dolers\laine_deco\interfaces\rest\PublicOrderTrackingController.java
C:\Users\HP ELITEBOOK\Documents\landry\laine_deco\src\main\java\cm\dolers\laine_deco\interfaces\rest\PublicProductDetailController.java
C:\Users\HP ELITEBOOK\Documents\landry\laine_deco\src\main\java\cm\dolers\laine_deco\interfaces\rest\PublicProductFilterController.java
C:\Users\HP ELITEBOOK\Documents\landry\laine_deco\src\main\java\cm\dolers\laine_deco\interfaces\rest\PublicProductPackController.java
C:\Users\HP ELITEBOOK\Documents\landry\laine_deco\src\main\java\cm\dolers\laine_deco\interfaces\rest\PublicPromotionController.java
C:\Users\HP ELITEBOOK\Documents\landry\laine_deco\src\main\java\cm\dolers\laine_deco\interfaces\rest\PublicSidebarController.java
C:\Users\HP ELITEBOOK\Documents\landry\laine_deco\src\main\java\cm\dolers\laine_deco\interfaces\rest\PublicTranslationController.java
C:\Users\HP ELITEBOOK\Documents\landry\laine_deco\src\main\java\cm\dolers\laine_deco\interfaces\rest\request\ForgotPasswordRequest.java
C:\Users\HP ELITEBOOK\Documents\landry\laine_deco\src\main\java\cm\dolers\laine_deco\interfaces\rest\request\GoogleSigninRequest.java
C:\Users\HP ELITEBOOK\Documents\landry\laine_deco\src\main\java\cm\dolers\laine_deco\interfaces\rest\request\LoginRequest.java
C:\Users\HP ELITEBOOK\Documents\landry\laine_deco\src\main\java\cm\dolers\laine_deco\interfaces\rest\request\ResetPasswordRequest.java
C:\Users\HP ELITEBOOK\Documents\landry\laine_deco\src\main\java\cm\dolers\laine_deco\interfaces\rest\request\SignupRequest.java
C:\Users\HP ELITEBOOK\Documents\landry\laine_deco\src\main\java\cm\dolers\laine_deco\interfaces\rest\response\AuthResponse.java
C:\Users\HP ELITEBOOK\Documents\landry\laine_deco\src\main\java\cm\dolers\laine_deco\interfaces\rest\response\MessageResponse.java
C:\Users\HP ELITEBOOK\Documents\landry\laine_deco\src\main\java\cm\dolers\laine_deco\interfaces\rest\UserPreferencesController.java
C:\Users\HP ELITEBOOK\Documents\landry\laine_deco\src\main\java\cm\dolers\laine_deco\LaineDecoApplication.java
